[2026-10-04 01:33:07Z INFO HostContext] No proxy settings were found based on environmental variables (http_proxy/https_proxy/HTTP_PROXY/HTTPS_PROXY)
[2026-10-04 01:33:07Z INFO HostContext] Well known directory 'Bin': 'C:\Users\chella\Desktop\devopsassignment\devops-assignment\actions-runner\bin'
[2026-10-04 01:33:07Z INFO HostContext] Well known directory 'Root': 'C:\Users\chella\Desktop\devopsassignment\devops-assignment\actions-runner'
[2026-10-04 01:33:07Z INFO HostContext] Well known config file 'Credentials': 'C:\Users\chella\Desktop\devopsassignment\devops-assignment\actions-runner\.credentials'
[2026-10-04 01:33:07Z INFO HostContext] Well known directory 'Bin': 'C:\Users\chella\Desktop\devopsassignment\devops-assignment\actions-runner\bin'
[2026-10-04 01:33:07Z INFO HostContext] Well known directory 'Root': 'C:\Users\chella\Desktop\devopsassignment\devops-assignment\actions-runner'
[2026-10-04 01:33:07Z INFO HostContext] Well known config file 'Runner': 'C:\Users\chella\Desktop\devopsassignment\devops-assignment\actions-runner\.runner'
[2026-10-04 01:33:07Z INFO Listener] Runner is built for Windows (X64) - win-x64.
[2026-10-04 01:33:07Z INFO Listener] RuntimeInformation: Microsoft Windows 10.0.26200.
[2026-10-04 01:33:07Z INFO Listener] Version: 2.337.0
[2026-10-04 01:33:07Z INFO Listener] Commit: 397b032cbf865e9c3ddfab89d533ec19325e1273
[2026-10-04 01:33:07Z INFO Listener] Culture: en-IN
[2026-10-04 01:33:07Z INFO Listener] UI Culture: en-US
[2026-10-04 01:33:07Z INFO HostContext] Well known directory 'Bin': 'C:\Users\chella\Desktop\devopsassignment\devops-assignment\actions-runner\bin'
[2026-10-04 01:33:07Z INFO HostContext] Well known directory 'Root': 'C:\Users\chella\Desktop\devopsassignment\devops-assignment\actions-runner'
[2026-10-04 01:33:07Z INFO Listener] Validating directory permissions for: 'C:\Users\chella\Desktop\devopsassignment\devops-assignment\actions-runner'
[2026-10-04 01:33:07Z INFO CommandLineParser] Parse
[2026-10-04 01:33:07Z INFO CommandLineParser] Parsing 1 args
[2026-10-04 01:33:07Z INFO CommandLineParser] parsing argument
[2026-10-04 01:33:07Z INFO CommandLineParser] HasArgs: False
[2026-10-04 01:33:07Z INFO CommandLineParser] Adding Command: remove
[2026-10-04 01:33:07Z INFO Listener] Arguments parsed
[2026-10-04 01:33:07Z INFO Runner] ExecuteCommand
[2026-10-04 01:33:07Z INFO ConfigurationStore] currentAssemblyLocation: C:\Users\chella\Desktop\devopsassignment\devops-assignment\actions-runner\bin\Runner.Listener.dll
[2026-10-04 01:33:07Z INFO HostContext] Well known directory 'Bin': 'C:\Users\chella\Desktop\devopsassignment\devops-assignment\actions-runner\bin'
[2026-10-04 01:33:07Z INFO ConfigurationStore] binPath: C:\Users\chella\Desktop\devopsassignment\devops-assignment\actions-runner\bin
[2026-10-04 01:33:07Z INFO HostContext] Well known directory 'Bin': 'C:\Users\chella\Desktop\devopsassignment\devops-assignment\actions-runner\bin'
[2026-10-04 01:33:07Z INFO HostContext] Well known directory 'Root': 'C:\Users\chella\Desktop\devopsassignment\devops-assignment\actions-runner'
[2026-10-04 01:33:07Z INFO ConfigurationStore] RootFolder: C:\Users\chella\Desktop\devopsassignment\devops-assignment\actions-runner
[2026-10-04 01:33:07Z INFO HostContext] Well known directory 'Bin': 'C:\Users\chella\Desktop\devopsassignment\devops-assignment\actions-runner\bin'
[2026-10-04 01:33:07Z INFO HostContext] Well known directory 'Root': 'C:\Users\chella\Desktop\devopsassignment\devops-assignment\actions-runner'
[2026-10-04 01:33:07Z INFO HostContext] Well known config file 'Runner': 'C:\Users\chella\Desktop\devopsassignment\devops-assignment\actions-runner\.runner'
[2026-10-04 01:33:07Z INFO ConfigurationStore] ConfigFilePath: C:\Users\chella\Desktop\devopsassignment\devops-assignment\actions-runner\.runner
[2026-10-04 01:33:07Z INFO HostContext] Well known directory 'Bin': 'C:\Users\chella\Desktop\devopsassignment\devops-assignment\actions-runner\bin'
[2026-10-04 01:33:07Z INFO HostContext] Well known directory 'Root': 'C:\Users\chella\Desktop\devopsassignment\devops-assignment\actions-runner'
[2026-10-04 01:33:07Z INFO HostContext] Well known config file 'MigratedRunner': 'C:\Users\chella\Desktop\devopsassignment\devops-assignment\actions-runner\.runner_migrated'
[2026-10-04 01:33:07Z INFO ConfigurationStore] MigratedConfigFilePath: C:\Users\chella\Desktop\devopsassignment\devops-assignment\actions-runner\.runner_migrated
[2026-10-04 01:33:07Z INFO HostContext] Well known directory 'Bin': 'C:\Users\chella\Desktop\devopsassignment\devops-assignment\actions-runner\bin'
[2026-10-04 01:33:07Z INFO HostContext] Well known directory 'Root': 'C:\Users\chella\Desktop\devopsassignment\devops-assignment\actions-runner'
[2026-10-04 01:33:07Z INFO HostContext] Well known config file 'Credentials': 'C:\Users\chella\Desktop\devopsassignment\devops-assignment\actions-runner\.credentials'
[2026-10-04 01:33:07Z INFO ConfigurationStore] CredFilePath: C:\Users\chella\Desktop\devopsassignment\devops-assignment\actions-runner\.credentials
[2026-10-04 01:33:07Z INFO HostContext] Well known directory 'Bin': 'C:\Users\chella\Desktop\devopsassignment\devops-assignment\actions-runner\bin'
[2026-10-04 01:33:07Z INFO HostContext] Well known directory 'Root': 'C:\Users\chella\Desktop\devopsassignment\devops-assignment\actions-runner'
[2026-10-04 01:33:07Z INFO HostContext] Well known config file 'MigratedCredentials': 'C:\Users\chella\Desktop\devopsassignment\devops-assignment\actions-runner\.credentials_migrated'
[2026-10-04 01:33:07Z INFO ConfigurationStore] MigratedCredFilePath: C:\Users\chella\Desktop\devopsassignment\devops-assignment\actions-runner\.credentials_migrated
[2026-10-04 01:33:07Z INFO HostContext] Well known directory 'Bin': 'C:\Users\chella\Desktop\devopsassignment\devops-assignment\actions-runner\bin'
[2026-10-04 01:33:07Z INFO HostContext] Well known directory 'Root': 'C:\Users\chella\Desktop\devopsassignment\devops-assignment\actions-runner'
[2026-10-04 01:33:07Z INFO HostContext] Well known config file 'Service': 'C:\Users\chella\Desktop\devopsassignment\devops-assignment\actions-runner\.service'
[2026-10-04 01:33:07Z INFO ConfigurationStore] ServiceConfigFilePath: C:\Users\chella\Desktop\devopsassignment\devops-assignment\actions-runner\.service
[2026-10-04 01:33:07Z INFO CommandSettings] Flag 'help': 'False'
[2026-10-04 01:33:07Z INFO CommandSettings] Flag 'version': 'False'
[2026-10-04 01:33:07Z INFO CommandSettings] Flag 'commit': 'False'
[2026-10-04 01:33:07Z INFO CommandSettings] Flag 'check': 'False'
[2026-10-04 01:33:07Z INFO CommandSettings] Command 'configure': 'False'
[2026-10-04 01:33:07Z INFO CommandSettings] Command 'remove': 'True'
[2026-10-04 01:33:07Z INFO CommandSettings] Flag 'local': 'False'
[2026-10-04 01:33:07Z INFO ConfigurationStore] IsServiceConfigured()
[2026-10-04 01:33:07Z INFO ConfigurationStore] IsServiceConfigured: False
[2026-10-04 01:33:07Z INFO ConfigurationStore] IsConfigured()
[2026-10-04 01:33:07Z INFO ConfigurationStore] IsConfigured: True
[2026-10-04 01:33:07Z INFO ConfigurationStore] HasCredentials()
[2026-10-04 01:33:07Z INFO ConfigurationStore] stored True
[2026-10-04 01:33:07Z INFO ConfigurationStore] Read setting file: 421 chars
[2026-10-04 01:33:07Z INFO CommandSettings] Arg 'token': ''
[2026-10-04 01:33:07Z INFO CommandSettings] Flag 'unattended': 'False'
[2026-10-04 01:33:07Z INFO PromptManager] ReadValue
[2026-10-04 01:33:07Z INFO Terminal] WRITE: Enter runner remove token: 
[2026-10-04 01:33:07Z INFO Terminal] READ SECRET
[2026-10-04 01:34:13Z INFO Terminal] Read value: '***'
[2026-10-04 01:34:14Z INFO ConfigurationManager] Http response code: OK from 'POST https://api.github.com/actions/runner-registration' (EE44:568AB:BC87F:F6DC2:6AC1AD16)
[2026-10-04 01:34:14Z INFO ConfigurationManager] cred retrieved via GitHub auth
[2026-10-04 01:34:14Z INFO RunnerServer] EstablishVssConnection
[2026-10-04 01:34:14Z INFO RunnerServer] Establish connection with 100 seconds timeout.
[2026-10-04 01:34:14Z INFO GitHubActionsService] Starting operation Location.GetConnectionData
[2026-10-04 01:34:14Z INFO RunnerServer] EstablishVssConnection
[2026-10-04 01:34:14Z INFO RunnerServer] Establish connection with 60 seconds timeout.
[2026-10-04 01:34:14Z INFO GitHubActionsService] Starting operation Location.GetConnectionData
[2026-10-04 01:34:14Z INFO RunnerServer] EstablishVssConnection
[2026-10-04 01:34:14Z INFO RunnerServer] Establish connection with 60 seconds timeout.
[2026-10-04 01:34:14Z INFO GitHubActionsService] Starting operation Location.GetConnectionData
[2026-10-04 01:34:15Z INFO GitHubActionsService] Finished operation Location.GetConnectionData
[2026-10-04 01:34:15Z INFO GitHubActionsService] Finished operation Location.GetConnectionData
[2026-10-04 01:34:15Z INFO GitHubActionsService] Finished operation Location.GetConnectionData
[2026-10-04 01:34:15Z INFO Terminal] WRITE LINE: 
[2026-10-04 01:34:15Z INFO ConfigurationStore] IsConfigured()
[2026-10-04 01:34:15Z INFO ConfigurationStore] IsConfigured: True
[2026-10-04 01:34:15Z INFO ConfigurationStore] HasCredentials()
[2026-10-04 01:34:15Z INFO ConfigurationStore] stored True
[2026-10-04 01:34:15Z INFO HostContext] Well known directory 'Bin': 'C:\Users\chella\Desktop\devopsassignment\devops-assignment\actions-runner\bin'
[2026-10-04 01:34:15Z INFO HostContext] Well known directory 'Root': 'C:\Users\chella\Desktop\devopsassignment\devops-assignment\actions-runner'
[2026-10-04 01:34:15Z INFO HostContext] Well known config file 'RSACredentials': 'C:\Users\chella\Desktop\devopsassignment\devops-assignment\actions-runner\.credentials_rsaparams'
[2026-10-04 01:34:15Z INFO RSAEncryptedFileKeyManager] Deleting RSA key parameters file C:\Users\chella\Desktop\devopsassignment\devops-assignment\actions-runner\.credentials_rsaparams
[2026-10-04 01:34:15Z INFO Terminal] WRITE LINE: 
[2026-10-04 01:34:15Z INFO Listener] Runner execution has finished with return code 0
