[2026-10-04 05:08:48Z INFO HostContext] No proxy settings were found based on environmental variables (http_proxy/https_proxy/HTTP_PROXY/HTTPS_PROXY)
[2026-10-04 05:08:48Z INFO HostContext] Well known directory 'Bin': 'C:\Users\chella\Desktop\devopsassignment\devops-assignment\actions-runner\bin'
[2026-10-04 05:08:48Z INFO HostContext] Well known directory 'Root': 'C:\Users\chella\Desktop\devopsassignment\devops-assignment\actions-runner'
[2026-10-04 05:08:48Z INFO HostContext] Well known config file 'Credentials': 'C:\Users\chella\Desktop\devopsassignment\devops-assignment\actions-runner\.credentials'
[2026-10-04 05:08:48Z INFO HostContext] Well known directory 'Bin': 'C:\Users\chella\Desktop\devopsassignment\devops-assignment\actions-runner\bin'
[2026-10-04 05:08:48Z INFO HostContext] Well known directory 'Root': 'C:\Users\chella\Desktop\devopsassignment\devops-assignment\actions-runner'
[2026-10-04 05:08:48Z INFO HostContext] Well known config file 'Runner': 'C:\Users\chella\Desktop\devopsassignment\devops-assignment\actions-runner\.runner'
[2026-10-04 05:08:48Z INFO Listener] Runner is built for Windows (X64) - win-x64.
[2026-10-04 05:08:48Z INFO Listener] RuntimeInformation: Microsoft Windows 10.0.26200.
[2026-10-04 05:08:48Z INFO Listener] Version: 2.337.0
[2026-10-04 05:08:48Z INFO Listener] Commit: 397b032cbf865e9c3ddfab89d533ec19325e1273
[2026-10-04 05:08:48Z INFO Listener] Culture: en-IN
[2026-10-04 05:08:48Z INFO Listener] UI Culture: en-US
[2026-10-04 05:08:48Z INFO HostContext] Well known directory 'Bin': 'C:\Users\chella\Desktop\devopsassignment\devops-assignment\actions-runner\bin'
[2026-10-04 05:08:48Z INFO HostContext] Well known directory 'Root': 'C:\Users\chella\Desktop\devopsassignment\devops-assignment\actions-runner'
[2026-10-04 05:08:48Z INFO Listener] Validating directory permissions for: 'C:\Users\chella\Desktop\devopsassignment\devops-assignment\actions-runner'
[2026-10-04 05:08:48Z INFO CommandLineParser] Parse
[2026-10-04 05:08:48Z INFO CommandLineParser] Parsing 1 args
[2026-10-04 05:08:48Z INFO CommandLineParser] parsing argument
[2026-10-04 05:08:48Z INFO CommandLineParser] HasArgs: False
[2026-10-04 05:08:48Z INFO CommandLineParser] Adding Command: remove
[2026-10-04 05:08:48Z INFO Listener] Arguments parsed
[2026-10-04 05:08:48Z INFO Runner] ExecuteCommand
[2026-10-04 05:08:48Z INFO ConfigurationStore] currentAssemblyLocation: C:\Users\chella\Desktop\devopsassignment\devops-assignment\actions-runner\bin\Runner.Listener.dll
[2026-10-04 05:08:48Z INFO HostContext] Well known directory 'Bin': 'C:\Users\chella\Desktop\devopsassignment\devops-assignment\actions-runner\bin'
[2026-10-04 05:08:48Z INFO ConfigurationStore] binPath: C:\Users\chella\Desktop\devopsassignment\devops-assignment\actions-runner\bin
[2026-10-04 05:08:48Z INFO HostContext] Well known directory 'Bin': 'C:\Users\chella\Desktop\devopsassignment\devops-assignment\actions-runner\bin'
[2026-10-04 05:08:48Z INFO HostContext] Well known directory 'Root': 'C:\Users\chella\Desktop\devopsassignment\devops-assignment\actions-runner'
[2026-10-04 05:08:48Z INFO ConfigurationStore] RootFolder: C:\Users\chella\Desktop\devopsassignment\devops-assignment\actions-runner
[2026-10-04 05:08:48Z INFO HostContext] Well known directory 'Bin': 'C:\Users\chella\Desktop\devopsassignment\devops-assignment\actions-runner\bin'
[2026-10-04 05:08:48Z INFO HostContext] Well known directory 'Root': 'C:\Users\chella\Desktop\devopsassignment\devops-assignment\actions-runner'
[2026-10-04 05:08:48Z INFO HostContext] Well known config file 'Runner': 'C:\Users\chella\Desktop\devopsassignment\devops-assignment\actions-runner\.runner'
[2026-10-04 05:08:48Z INFO ConfigurationStore] ConfigFilePath: C:\Users\chella\Desktop\devopsassignment\devops-assignment\actions-runner\.runner
[2026-10-04 05:08:48Z INFO HostContext] Well known directory 'Bin': 'C:\Users\chella\Desktop\devopsassignment\devops-assignment\actions-runner\bin'
[2026-10-04 05:08:48Z INFO HostContext] Well known directory 'Root': 'C:\Users\chella\Desktop\devopsassignment\devops-assignment\actions-runner'
[2026-10-04 05:08:48Z INFO HostContext] Well known config file 'MigratedRunner': 'C:\Users\chella\Desktop\devopsassignment\devops-assignment\actions-runner\.runner_migrated'
[2026-10-04 05:08:48Z INFO ConfigurationStore] MigratedConfigFilePath: C:\Users\chella\Desktop\devopsassignment\devops-assignment\actions-runner\.runner_migrated
[2026-10-04 05:08:48Z INFO HostContext] Well known directory 'Bin': 'C:\Users\chella\Desktop\devopsassignment\devops-assignment\actions-runner\bin'
[2026-10-04 05:08:48Z INFO HostContext] Well known directory 'Root': 'C:\Users\chella\Desktop\devopsassignment\devops-assignment\actions-runner'
[2026-10-04 05:08:48Z INFO HostContext] Well known config file 'Credentials': 'C:\Users\chella\Desktop\devopsassignment\devops-assignment\actions-runner\.credentials'
[2026-10-04 05:08:48Z INFO ConfigurationStore] CredFilePath: C:\Users\chella\Desktop\devopsassignment\devops-assignment\actions-runner\.credentials
[2026-10-04 05:08:48Z INFO HostContext] Well known directory 'Bin': 'C:\Users\chella\Desktop\devopsassignment\devops-assignment\actions-runner\bin'
[2026-10-04 05:08:48Z INFO HostContext] Well known directory 'Root': 'C:\Users\chella\Desktop\devopsassignment\devops-assignment\actions-runner'
[2026-10-04 05:08:48Z INFO HostContext] Well known config file 'MigratedCredentials': 'C:\Users\chella\Desktop\devopsassignment\devops-assignment\actions-runner\.credentials_migrated'
[2026-10-04 05:08:48Z INFO ConfigurationStore] MigratedCredFilePath: C:\Users\chella\Desktop\devopsassignment\devops-assignment\actions-runner\.credentials_migrated
[2026-10-04 05:08:48Z INFO HostContext] Well known directory 'Bin': 'C:\Users\chella\Desktop\devopsassignment\devops-assignment\actions-runner\bin'
[2026-10-04 05:08:48Z INFO HostContext] Well known directory 'Root': 'C:\Users\chella\Desktop\devopsassignment\devops-assignment\actions-runner'
[2026-10-04 05:08:48Z INFO HostContext] Well known config file 'Service': 'C:\Users\chella\Desktop\devopsassignment\devops-assignment\actions-runner\.service'
[2026-10-04 05:08:48Z INFO ConfigurationStore] ServiceConfigFilePath: C:\Users\chella\Desktop\devopsassignment\devops-assignment\actions-runner\.service
[2026-10-04 05:08:48Z INFO CommandSettings] Flag 'help': 'False'
[2026-10-04 05:08:48Z INFO CommandSettings] Flag 'version': 'False'
[2026-10-04 05:08:48Z INFO CommandSettings] Flag 'commit': 'False'
[2026-10-04 05:08:48Z INFO CommandSettings] Flag 'check': 'False'
[2026-10-04 05:08:48Z INFO CommandSettings] Command 'configure': 'False'
[2026-10-04 05:08:48Z INFO CommandSettings] Command 'remove': 'True'
[2026-10-04 05:08:48Z INFO CommandSettings] Flag 'local': 'False'
[2026-10-04 05:08:48Z INFO ConfigurationStore] IsServiceConfigured()
[2026-10-04 05:08:48Z INFO ConfigurationStore] IsServiceConfigured: False
[2026-10-04 05:08:48Z INFO ConfigurationStore] IsConfigured()
[2026-10-04 05:08:48Z INFO ConfigurationStore] IsConfigured: True
[2026-10-04 05:08:48Z INFO ConfigurationStore] HasCredentials()
[2026-10-04 05:08:48Z INFO ConfigurationStore] stored False
[2026-10-04 05:08:48Z INFO Terminal] WRITE LINE: Cannot connect to server, because config files are missing. Skipping removing runner from the server.
[2026-10-04 05:08:48Z INFO ConfigurationStore] IsConfigured()
[2026-10-04 05:08:48Z INFO ConfigurationStore] IsConfigured: True
[2026-10-04 05:08:48Z INFO ConfigurationStore] HasCredentials()
[2026-10-04 05:08:48Z INFO ConfigurationStore] stored False
[2026-10-04 05:08:48Z INFO Terminal] WRITE LINE: Does not exist. Skipping Removing .credentials
[2026-10-04 05:08:48Z ERR  Terminal] WRITE ERROR: Failed: Removing runner from the server
[2026-10-04 05:08:48Z ERR  Runner] System.IO.FileNotFoundException: 
File name: 'System.Linq.Parallel, Version=8.0.0.0, Culture=neutral, PublicKeyToken=b03f5f7f11d50a3a'
   at GitHub.Runner.Sdk.IOUtil.DeleteDirectory(String path, Boolean contentsOnly, Boolean continueOnContentDeleteError, CancellationToken cancellationToken)
   at GitHub.Runner.Sdk.IOUtil.DeleteDirectory(String path, CancellationToken cancellationToken)
   at GitHub.Runner.Sdk.IOUtil.Delete(String path, CancellationToken cancellationToken)
   at GitHub.Runner.Common.ConfigurationStore.DeleteSettings()
   at GitHub.Runner.Listener.Configuration.ConfigurationManager.DeleteLocalRunnerConfig()
   at GitHub.Runner.Listener.Configuration.ConfigurationManager.UnconfigureAsync(CommandSettings command)
   at GitHub.Runner.Listener.Runner.ExecuteCommand(CommandSettings command)
[2026-10-04 05:08:48Z ERR  Terminal] WRITE ERROR: 
[2026-10-04 05:08:48Z INFO Listener] Runner execution has finished with return code 1
