[2026-10-04 03:37:44Z INFO HostContext] No proxy settings were found based on environmental variables (http_proxy/https_proxy/HTTP_PROXY/HTTPS_PROXY)
[2026-10-04 03:37:44Z INFO HostContext] Well known directory 'Bin': 'C:\Users\chella\Desktop\devopsassignment\devops-assignment\actions-runner\bin'
[2026-10-04 03:37:44Z INFO HostContext] Well known directory 'Root': 'C:\Users\chella\Desktop\devopsassignment\devops-assignment\actions-runner'
[2026-10-04 03:37:44Z INFO HostContext] Well known config file 'Credentials': 'C:\Users\chella\Desktop\devopsassignment\devops-assignment\actions-runner\.credentials'
[2026-10-04 03:37:44Z INFO HostContext] Well known directory 'Bin': 'C:\Users\chella\Desktop\devopsassignment\devops-assignment\actions-runner\bin'
[2026-10-04 03:37:44Z INFO HostContext] Well known directory 'Root': 'C:\Users\chella\Desktop\devopsassignment\devops-assignment\actions-runner'
[2026-10-04 03:37:44Z INFO HostContext] Well known config file 'Runner': 'C:\Users\chella\Desktop\devopsassignment\devops-assignment\actions-runner\.runner'
[2026-10-04 03:37:44Z INFO Worker] Version: 2.337.0
[2026-10-04 03:37:44Z INFO Worker] Commit: 397b032cbf865e9c3ddfab89d533ec19325e1273
[2026-10-04 03:37:44Z INFO Worker] Culture: en-IN
[2026-10-04 03:37:44Z INFO Worker] UI Culture: en-US
[2026-10-04 03:37:44Z INFO Worker] Waiting to receive the job message from the channel.
[2026-10-04 03:37:44Z INFO ProcessChannel] Receiving message of length 24402, with hash '613691251c540ac1fa051d161582be23c49563d4ee80c6389baeb4910613a533'
[2026-10-04 03:37:44Z INFO Worker] Message received.
[2026-10-04 03:37:44Z INFO Worker] Job message:
 {
  "fileTable": [
    ".github/workflows/ci-cd.yml"
  ],
  "mask": [
    {
      "type": "regex",
      "value": "***"
    },
    {
      "type": "regex",
      "value": "***"
    },
    {
      "type": "regex",
      "value": "***"
    },
    {
      "type": "regex",
      "value": "***"
    },
    {
      "type": "regex",
      "value": "***"
    },
    {
      "type": "regex",
      "value": "***"
    },
    {
      "type": "regex",
      "value": "***"
    },
    {
      "type": "regex",
      "value": "***"
    },
    {
      "type": "regex",
      "value": "***"
    },
    {
      "type": "regex",
      "value": "***"
    },
    {
      "type": "regex",
      "value": "***"
    },
    {
      "type": "regex",
      "value": "***"
    },
    {
      "type": "regex",
      "value": "***"
    },
    {
      "type": "regex",
      "value": "***"
    },
    {
      "type": "regex",
      "value": "***"
    },
    {
      "type": "regex",
      "value": "***"
    },
    {
      "type": "regex",
      "value": "***"
    },
    {
      "type": "regex",
      "value": "***"
    },
    {
      "type": "regex",
      "value": "***"
    },
    {
      "type": "regex",
      "value": "***"
    },
    {
      "type": "regex",
      "value": "***"
    },
    {
      "type": "regex",
      "value": "***"
    },
    {
      "type": "regex",
      "value": "***"
    },
    {
      "type": "regex",
      "value": "***"
    }
  ],
  "steps": [
    {
      "type": "action",
      "reference": {
        "type": "script"
      },
      "displayNameToken": {
        "type": 0,
        "file": 1,
        "line": 14,
        "col": 15,
        "lit": "Verify Jenkins authentication"
      },
      "contextName": "__run",
      "environment": {
        "type": 2,
        "file": 1,
        "line": 17,
        "col": 11,
        "map": [
          {
            "key": {
              "type": 0,
              "file": 1,
              "line": 17,
              "col": 11,
              "lit": "JENKINS_USER"
            },
            "value": {
              "type": 3,
              "file": 1,
              "line": 17,
              "col": 25,
              "expr": "secrets.JENKINS_USER"
            }
          },
          {
            "key": {
              "type": 0,
              "file": 1,
              "line": 18,
              "col": 11,
              "lit": "JENKINS_TOKEN"
            },
            "value": {
              "type": 3,
              "file": 1,
              "line": 18,
              "col": 26,
              "expr": "secrets.JENKINS_TOKEN"
            }
          }
        ]
      },
      "inputs": {
        "type": 2,
        "map": [
          {
            "key": "script",
            "value": {
              "type": 0,
              "file": 1,
              "line": 19,
              "col": 14,
              "lit": "$credentials = \"${env:JENKINS_USER}:${env:JENKINS_TOKEN}\"\n$bytes = [System.Text.Encoding]::ASCII.GetBytes($credentials)\n$base64 = [Convert]::ToBase64String($bytes)\n\n$headers = @{\n    Authorization = \"Basic $base64\"\n}\n\nWrite-Host \"Checking Jenkins...\"\n\n$response = Invoke-WebRequest `\n    -Uri \"http://localhost:8080/api/json\" `\n    -Headers $headers `\n    -UseBasicParsing\n\nWrite-Host \"Jenkins Status: $($response.StatusCode)\"\n"
            }
          },
          {
            "key": "shell",
            "value": {
              "type": 0,
              "file": 1,
              "line": 15,
              "col": 16,
              "lit": "powershell"
            }
          }
        ]
      },
      "condition": "success()",
      "id": "14da6c69-57e2-4fd9-9284-9144a65190a0",
      "name": "__run"
    },
    {
      "type": "action",
      "reference": {
        "type": "script"
      },
      "displayNameToken": {
        "type": 0,
        "file": 1,
        "line": 37,
        "col": 15,
        "lit": "Trigger Jenkins Pipeline"
      },
      "contextName": "__run_2",
      "environment": {
        "type": 2,
        "file": 1,
        "line": 40,
        "col": 11,
        "map": [
          {
            "key": {
              "type": 0,
              "file": 1,
              "line": 40,
              "col": 11,
              "lit": "JENKINS_USER"
            },
            "value": {
              "type": 3,
              "file": 1,
              "line": 40,
              "col": 25,
              "expr": "secrets.JENKINS_USER"
            }
          },
          {
            "key": {
              "type": 0,
              "file": 1,
              "line": 41,
              "col": 11,
              "lit": "JENKINS_TOKEN"
            },
            "value": {
              "type": 3,
              "file": 1,
              "line": 41,
              "col": 26,
              "expr": "secrets.JENKINS_TOKEN"
            }
          }
        ]
      },
      "inputs": {
        "type": 2,
        "map": [
          {
            "key": "script",
            "value": {
              "type": 0,
              "file": 1,
              "line": 42,
              "col": 14,
              "lit": "$credentials = \"${env:JENKINS_USER}:${env:JENKINS_TOKEN}\"\n$bytes = [System.Text.Encoding]::ASCII.GetBytes($credentials)\n$base64 = [Convert]::ToBase64String($bytes)\n\n$headers = @{\n    Authorization = \"Basic $base64\"\n}\n\n$jenkinsUrl = \"http://localhost:8080\"\n$jobName = \"aceest-app\"\n\n$url = \"$jenkinsUrl/job/$jobName/build\"\n\nWrite-Host \"Triggering Jenkins job: $jobName\"\n\n$response = Invoke-WebRequest `\n    -Uri $url `\n    -Method POST `\n    -Headers $headers `\n    -UseBasicParsing\n\nWrite-Host \"Jenkins response: $($response.StatusCode)\"\nWrite-Host \"Jenkins build triggered successfully.\""
            }
          },
          {
            "key": "shell",
            "value": {
              "type": 0,
              "file": 1,
              "line": 38,
              "col": 16,
              "lit": "powershell"
            }
          }
        ]
      },
      "condition": "success()",
      "id": "8f4f4223-b33b-4d7f-9f6c-77c054431b89",
      "name": "__run_2"
    }
  ],
  "variables": {
    "Actions.EnableHttpRedirects": {
      "value": "true"
    },
    "DistributedTask.AddWarningToNode12Action": {
      "value": "true"
    },
    "DistributedTask.AddWarningToNode16Action": {
      "value": "true"
    },
    "DistributedTask.AllowRunnerContainerHooks": {
      "value": "true"
    },
    "DistributedTask.DeprecateStepOutputCommands": {
      "value": "true"
    },
    "DistributedTask.DetailUntarFailure": {
      "value": "true"
    },
    "DistributedTask.EnableCompositeActions": {
      "value": "true"
    },
    "DistributedTask.EnableJobServerQueueTelemetry": {
      "value": "true"
    },
    "DistributedTask.EnhancedAnnotations": {
      "value": "true"
    },
    "DistributedTask.ForceGithubJavascriptActionsToNode16": {
      "value": "true"
    },
    "DistributedTask.ForceGithubJavascriptActionsToNode20": {
      "value": "true"
    },
    "DistributedTask.LogTemplateErrorsAsDebugMessages": {
      "value": "true"
    },
    "DistributedTask.MarkJobAsFailedOnWorkerCrash": {
      "value": "true"
    },
    "DistributedTask.NewActionMetadata": {
      "value": "true"
    },
    "DistributedTask.UploadStepSummary": {
      "value": "true"
    },
    "DistributedTask.UseActionArchiveCache": {
      "value": "true"
    },
    "DistributedTask.UseWhich2": {
      "value": "true"
    },
    "JENKINS_TOKEN": {
      "value": "***",
      "isSecret": true
    },
    "JENKINS_USER": {
      "value": "***",
      "isSecret": true
    },
    "RunService.FixEmbeddedIssues": {
      "value": "true"
    },
    "actions.runner.requirenode24": {
      "value": "true"
    },
    "actions.runner.usenode24bydefault": {
      "value": "true"
    },
    "actions.runner.warnonnode20": {
      "value": "true"
    },
    "actions_add_check_run_id_to_job_context": {
      "value": "true"
    },
    "actions_batch_action_resolution": {
      "value": "false"
    },
    "actions_cache_mode": {
      "value": "write"
    },
    "actions_container_action_runner_temp": {
      "value": "true"
    },
    "actions_display_helpful_actions_download_errors": {
      "value": "true"
    },
    "actions_runner_allow_artifacts_file": {
      "value": "false"
    },
    "actions_runner_compare_workflow_parser": {
      "value": "false"
    },
    "actions_runner_deprecate_linux_arm32": {
      "value": "true"
    },
    "actions_runner_emit_composite_markers": {
      "value": "true"
    },
    "actions_runner_kill_linux_arm32": {
      "value": "true"
    },
    "actions_runner_node20_removal_date": {
      "value": "September 23rd, 2026"
    },
    "actions_runner_node24_default_date": {
      "value": "June 16th, 2026"
    },
    "actions_self_repository": {
      "value": "true"
    },
    "actions_service_container_command": {
      "value": "true"
    },
    "actions_set_orchestration_id_env_for_actions": {
      "value": "true"
    },
    "actions_skip_retry_complete_job_upon_known_errors": {
      "value": "true"
    },
    "actions_snapshot_preflight_hosted_runner_check": {
      "value": "false"
    },
    "actions_snapshot_preflight_image_gen_pool_check": {
      "value": "false"
    },
    "actions_use_bearer_token_for_codeload": {
      "value": "false"
    },
    "actions_uses_cache_service_v2": {
      "value": "true"
    },
    "github_token": {
      "value": "***",
      "isSecret": true
    },
    "system.from_run_service": {
      "value": "true"
    },
    "system.github.job": {
      "value": "trigger-jenkins"
    },
    "system.github.launch_endpoint": {
      "value": "https://launch.actions.githubusercontent.com"
    },
    "system.github.results_endpoint": {
      "value": "https://results-receiver.actions.githubusercontent.com/"
    },
    "system.github.results_upload_with_sdk": {
      "value": "true"
    },
    "system.github.token": {
      "value": "***",
      "isSecret": true
    },
    "system.github.token.permissions": {
      "value": "{\"Contents\":\"read\",\"Metadata\":\"read\",\"Packages\":\"read\"}"
    },
    "system.orchestrationId": {
      "value": "3849da48-eee1-8caf-be67-720c8493c5fc.trigger-jenkins.__default"
    },
    "system.phaseDisplayName": {
      "value": "Trigger Jenkins Pipeline"
    },
    "system.runner.lowdiskspacethreshold": {
      "value": "100"
    },
    "system.runnerEnvironment": {
      "value": "self-hosted"
    },
    "system.runnerGroupName": {
      "value": "Default"
    }
  },
  "messageType": "RunnerJobRequest",
  "plan": {
    "scopeIdentifier": "00000000-0000-0000-0000-000000000000",
    "planType": "actions",
    "version": 0,
    "planId": "3849da48-eee1-8caf-be67-720c8493c5fc",
    "planGroup": null,
    "artifactUri": null,
    "artifactLocation": null,
    "definition": null,
    "owner": null
  },
  "timeline": {
    "id": "3849da48-eee1-8caf-be67-720c8493c5fc",
    "changeId": 0,
    "location": null
  },
  "jobId": "882adf55-801a-5a1b-863a-2b0008a0fa04",
  "jobDisplayName": "Trigger Jenkins Pipeline",
  "jobName": "__default",
  "requestId": 0,
  "lockedUntil": "0001-01-01T00:00:00",
  "resources": {
    "endpoints": [
      {
        "data": {
          "ServerId": "",
          "ServerName": "",
          "CacheServerUrl": "https://artifactcache.actions.githubusercontent.com/je6Z9G489BmDuyRYs4elUKGeJpqRRkZnGFdbRMpFP9gKvYNvQP/",
          "FeedStreamUrl": "wss://results-receiver.actions.githubusercontent.com/_ws/ingest.sock",
          "ResultsServiceUrl": "https://results-receiver.actions.githubusercontent.com/",
          "PipelinesServiceUrl": "https://pipelinesghubeus24.actions.githubusercontent.com/je6Z9G489BmDuyRYs4elUKGeJpqRRkZnGFdbRMpFP9gKvYNvQP/",
          "GenerateIdTokenUrl": "",
          "ConnectivityChecks": "[\"https://broker.actions.githubusercontent.com/health\",\"https://token.actions.githubusercontent.com/ready\",\"https://run.actions.githubusercontent.com/health\"]",
          "ConnectivityAndDNSChecks": ""
        },
        "name": "SystemVssConnection",
        "url": "https://run-actions-2-azure-eastus.actions.githubusercontent.com/170/",
        "authorization": {
          "parameters": {
            "AccessToken": "***"
          },
          "scheme": "OAuth"
        },
        "isShared": false,
        "isReady": true
      }
    ]
  },
  "contextData": {
    "github": {
      "t": 2,
      "d": [
        {
          "k": "ref",
          "v": "refs/heads/main"
        },
        {
          "k": "sha",
          "v": "d344c1a6b063abe53e6040b960e70c10a9a774b5"
        },
        {
          "k": "repository",
          "v": "2025tm93069/devops-assignment"
        },
        {
          "k": "repository_owner",
          "v": "2025tm93069"
        },
        {
          "k": "repository_owner_id",
          "v": "326098951"
        },
        {
          "k": "repositoryUrl",
          "v": "git://github.com/2025tm93069/devops-assignment.git"
        },
        {
          "k": "run_id",
          "v": "37174604195"
        },
        {
          "k": "run_number",
          "v": "8"
        },
        {
          "k": "retention_days",
          "v": "90"
        },
        {
          "k": "run_attempt",
          "v": "1"
        },
        {
          "k": "artifact_cache_size_limit",
          "v": "10"
        },
        {
          "k": "repository_visibility",
          "v": "public"
        },
        {
          "k": "actor_id",
          "v": "326098951"
        },
        {
          "k": "actor",
          "v": "2025tm93069"
        },
        {
          "k": "workflow",
          "v": "ACEest Fitness CI/CD"
        },
        {
          "k": "head_ref",
          "v": ""
        },
        {
          "k": "base_ref",
          "v": ""
        },
        {
          "k": "event_name",
          "v": "push"
        },
        {
          "k": "server_url",
          "v": "https://github.com"
        },
        {
          "k": "api_url",
          "v": "https://api.github.com"
        },
        {
          "k": "graphql_url",
          "v": "https://api.github.com/graphql"
        },
        {
          "k": "ref_name",
          "v": "main"
        },
        {
          "k": "ref_protected",
          "v": false
        },
        {
          "k": "ref_type",
          "v": "branch"
        },
        {
          "k": "secret_source",
          "v": "Actions"
        },
        {
          "k": "event",
          "v": {
            "t": 2,
            "d": [
              {
                "k": "after",
                "v": "d344c1a6b063abe53e6040b960e70c10a9a774b5"
              },
              {
                "k": "base_ref",
                "v": null
              },
              {
                "k": "before",
                "v": "9a997f64d75f86c6250124f04a9e98ac843bf15b"
              },
              {
                "k": "commits",
                "v": {
                  "t": 1,
                  "a": [
                    {
                      "t": 2,
                      "d": [
                        {
                          "k": "author",
                          "v": {
                            "t": 2,
                            "d": [
                              {
                                "k": "email",
                                "v": "you@example.com"
                              },
                              {
                                "k": "name",
                                "v": "Your Name"
                              }
                            ]
                          }
                        },
                        {
                          "k": "committer",
                          "v": {
                            "t": 2,
                            "d": [
                              {
                                "k": "email",
                                "v": "you@example.com"
                              },
                              {
                                "k": "name",
                                "v": "Your Name"
                              }
                            ]
                          }
                        },
                        {
                          "k": "distinct",
                          "v": true
                        },
                        {
                          "k": "id",
                          "v": "d344c1a6b063abe53e6040b960e70c10a9a774b5"
                        },
                        {
                          "k": "message",
                          "v": "Updated jenkins file with required python version"
                        },
                        {
                          "k": "timestamp",
                          "v": "2026-10-04T09:06:55+05:30"
                        },
                        {
                          "k": "tree_id",
                          "v": "173f563663de0eed5acc1f234b8fefa348a75946"
                        },
                        {
                          "k": "url",
                          "v": "https://github.com/2025tm93069/devops-assignment/commit/d344c1a6b063abe53e6040b960e70c10a9a774b5"
                        }
                      ]
                    }
                  ]
                }
              },
              {
                "k": "compare",
                "v": "https://github.com/2025tm93069/devops-assignment/compare/9a997f64d75f...d344c1a6b063"
              },
              {
                "k": "created",
                "v": false
              },
              {
                "k": "deleted",
                "v": false
              },
              {
                "k": "forced",
                "v": false
              },
              {
                "k": "head_commit",
                "v": {
                  "t": 2,
                  "d": [
                    {
                      "k": "author",
                      "v": {
                        "t": 2,
                        "d": [
                          {
                            "k": "email",
                            "v": "you@example.com"
                          },
                          {
                            "k": "name",
                            "v": "Your Name"
                          }
                        ]
                      }
                    },
                    {
                      "k": "committer",
                      "v": {
                        "t": 2,
                        "d": [
                          {
                            "k": "email",
                            "v": "you@example.com"
                          },
                          {
                            "k": "name",
                            "v": "Your Name"
                          }
                        ]
                      }
                    },
                    {
                      "k": "distinct",
                      "v": true
                    },
                    {
                      "k": "id",
                      "v": "d344c1a6b063abe53e6040b960e70c10a9a774b5"
                    },
                    {
                      "k": "message",
                      "v": "Updated jenkins file with required python version"
                    },
                    {
                      "k": "timestamp",
                      "v": "2026-10-04T09:06:55+05:30"
                    },
                    {
                      "k": "tree_id",
                      "v": "173f563663de0eed5acc1f234b8fefa348a75946"
                    },
                    {
                      "k": "url",
                      "v": "https://github.com/2025tm93069/devops-assignment/commit/d344c1a6b063abe53e6040b960e70c10a9a774b5"
                    }
                  ]
                }
              },
              {
                "k": "pusher",
                "v": {
                  "t": 2,
                  "d": [
                    {
                      "k": "email",
                      "v": "2025tm93069@wilp.bits-pilani.ac.in"
                    },
                    {
                      "k": "name",
                      "v": "2025tm93069"
                    }
                  ]
                }
              },
              {
                "k": "ref",
                "v": "refs/heads/main"
              },
              {
                "k": "repository",
                "v": {
                  "t": 2,
                  "d": [
                    {
                      "k": "allow_forking",
                      "v": true
                    },
                    {
                      "k": "archive_url",
                      "v": "https://api.github.com/repos/2025tm93069/devops-assignment/{archive_format}{/ref}"
                    },
                    {
                      "k": "archived",
                      "v": false
                    },
                    {
                      "k": "assignees_url",
                      "v": "https://api.github.com/repos/2025tm93069/devops-assignment/assignees{/user}"
                    },
                    {
                      "k": "blobs_url",
                      "v": "https://api.github.com/repos/2025tm93069/devops-assignment/git/blobs{/sha}"
                    },
                    {
                      "k": "branches_url",
                      "v": "https://api.github.com/repos/2025tm93069/devops-assignment/branches{/branch}"
                    },
                    {
                      "k": "clone_url",
                      "v": "https://github.com/2025tm93069/devops-assignment.git"
                    },
                    {
                      "k": "collaborators_url",
                      "v": "https://api.github.com/repos/2025tm93069/devops-assignment/collaborators{/collaborator}"
                    },
                    {
                      "k": "comments_url",
                      "v": "https://api.github.com/repos/2025tm93069/devops-assignment/comments{/number}"
                    },
                    {
                      "k": "commits_url",
                      "v": "https://api.github.com/repos/2025tm93069/devops-assignment/commits{/sha}"
                    },
                    {
                      "k": "compare_url",
                      "v": "https://api.github.com/repos/2025tm93069/devops-assignment/compare/{base}...{head}"
                    },
                    {
                      "k": "contents_url",
                      "v": "https://api.github.com/repos/2025tm93069/devops-assignment/contents/{+path}"
                    },
                    {
                      "k": "contributors_url",
                      "v": "https://api.github.com/repos/2025tm93069/devops-assignment/contributors"
                    },
                    {
                      "k": "created_at",
                      "v": 1791004865.0
                    },
                    {
                      "k": "default_branch",
                      "v": "main"
                    },
                    {
                      "k": "deployments_url",
                      "v": "https://api.github.com/repos/2025tm93069/devops-assignment/deployments"
                    },
                    {
                      "k": "description",
                      "v": "Implementing Automated CI/CD Pipelines for ACEest Fitness & Gym"
                    },
                    {
                      "k": "disabled",
                      "v": false
                    },
                    {
                      "k": "downloads_url",
                      "v": "https://api.github.com/repos/2025tm93069/devops-assignment/downloads"
                    },
                    {
                      "k": "events_url",
                      "v": "https://api.github.com/repos/2025tm93069/devops-assignment/events"
                    },
                    {
                      "k": "fork",
                      "v": false
                    },
                    {
                      "k": "forks",
                      "v": 0.0
                    },
                    {
                      "k": "forks_count",
                      "v": 0.0
                    },
                    {
                      "k": "forks_url",
                      "v": "https://api.github.com/repos/2025tm93069/devops-assignment/forks"
                    },
                    {
                      "k": "full_name",
                      "v": "2025tm93069/devops-assignment"
                    },
                    {
                      "k": "git_commits_url",
                      "v": "https://api.github.com/repos/2025tm93069/devops-assignment/git/commits{/sha}"
                    },
                    {
                      "k": "git_refs_url",
                      "v": "https://api.github.com/repos/2025tm93069/devops-assignment/git/refs{/sha}"
                    },
                    {
                      "k": "git_tags_url",
                      "v": "https://api.github.com/repos/2025tm93069/devops-assignment/git/tags{/sha}"
                    },
                    {
                      "k": "git_url",
                      "v": "git://github.com/2025tm93069/devops-assignment.git"
                    },
                    {
                      "k": "has_discussions",
                      "v": false
                    },
                    {
                      "k": "has_downloads",
                      "v": true
                    },
                    {
                      "k": "has_issues",
                      "v": true
                    },
                    {
                      "k": "has_pages",
                      "v": false
                    },
                    {
                      "k": "has_projects",
                      "v": true
                    },
                    {
                      "k": "has_pull_requests",
                      "v": true
                    },
                    {
                      "k": "has_wiki",
                      "v": true
                    },
                    {
                      "k": "homepage",
                      "v": null
                    },
                    {
                      "k": "hooks_url",
                      "v": "https://api.github.com/repos/2025tm93069/devops-assignment/hooks"
                    },
                    {
                      "k": "html_url",
                      "v": "https://github.com/2025tm93069/devops-assignment"
                    },
                    {
                      "k": "id",
                      "v": 1402699407.0
                    },
                    {
                      "k": "is_template",
                      "v": false
                    },
                    {
                      "k": "issue_comment_url",
                      "v": "https://api.github.com/repos/2025tm93069/devops-assignment/issues/comments{/number}"
                    },
                    {
                      "k": "issue_events_url",
                      "v": "https://api.github.com/repos/2025tm93069/devops-assignment/issues/events{/number}"
                    },
                    {
                      "k": "issues_url",
                      "v": "https://api.github.com/repos/2025tm93069/devops-assignment/issues{/number}"
                    },
                    {
                      "k": "keys_url",
                      "v": "https://api.github.com/repos/2025tm93069/devops-assignment/keys{/key_id}"
                    },
                    {
                      "k": "labels_url",
                      "v": "https://api.github.com/repos/2025tm93069/devops-assignment/labels{/name}"
                    },
                    {
                      "k": "language",
                      "v": "JavaScript"
                    },
                    {
                      "k": "languages_url",
                      "v": "https://api.github.com/repos/2025tm93069/devops-assignment/languages"
                    },
                    {
                      "k": "license",
                      "v": null
                    },
                    {
                      "k": "master_branch",
                      "v": "main"
                    },
                    {
                      "k": "merges_url",
                      "v": "https://api.github.com/repos/2025tm93069/devops-assignment/merges"
                    },
                    {
                      "k": "milestones_url",
                      "v": "https://api.github.com/repos/2025tm93069/devops-assignment/milestones{/number}"
                    },
                    {
                      "k": "mirror_url",
                      "v": null
                    },
                    {
                      "k": "name",
                      "v": "devops-assignment"
                    },
                    {
                      "k": "node_id",
                      "v": "R_kgDOU5t-jw"
                    },
                    {
                      "k": "notifications_url",
                      "v": "https://api.github.com/repos/2025tm93069/devops-assignment/notifications{?since,all,participating}"
                    },
                    {
                      "k": "open_issues",
                      "v": 0.0
                    },
                    {
                      "k": "open_issues_count",
                      "v": 0.0
                    },
                    {
                      "k": "owner",
                      "v": {
                        "t": 2,
                        "d": [
                          {
                            "k": "avatar_url",
                            "v": "https://avatars.githubusercontent.com/u/326098951?v=4"
                          },
                          {
                            "k": "email",
                            "v": "2025tm93069@wilp.bits-pilani.ac.in"
                          },
                          {
                            "k": "events_url",
                            "v": "https://api.github.com/users/2025tm93069/events{/privacy}"
                          },
                          {
                            "k": "followers_url",
                            "v": "https://api.github.com/users/2025tm93069/followers"
                          },
                          {
                            "k": "following_url",
                            "v": "https://api.github.com/users/2025tm93069/following{/other_user}"
                          },
                          {
                            "k": "gists_url",
                            "v": "https://api.github.com/users/2025tm93069/gists{/gist_id}"
                          },
                          {
                            "k": "gravatar_id",
                            "v": ""
                          },
                          {
                            "k": "html_url",
                            "v": "https://github.com/2025tm93069"
                          },
                          {
                            "k": "id",
                            "v": 326098951.0
                          },
                          {
                            "k": "login",
                            "v": "2025tm93069"
                          },
                          {
                            "k": "name",
                            "v": "2025tm93069"
                          },
                          {
                            "k": "node_id",
                            "v": "U_kgDOE2_gBw"
                          },
                          {
                            "k": "organizations_url",
                            "v": "https://api.github.com/users/2025tm93069/orgs"
                          },
                          {
                            "k": "received_events_url",
                            "v": "https://api.github.com/users/2025tm93069/received_events"
                          },
                          {
                            "k": "repos_url",
                            "v": "https://api.github.com/users/2025tm93069/repos"
                          },
                          {
                            "k": "site_admin",
                            "v": false
                          },
                          {
                            "k": "starred_url",
                            "v": "https://api.github.com/users/2025tm93069/starred{/owner}{/repo}"
                          },
                          {
                            "k": "subscriptions_url",
                            "v": "https://api.github.com/users/2025tm93069/subscriptions"
                          },
                          {
                            "k": "type",
                            "v": "User"
                          },
                          {
                            "k": "url",
                            "v": "https://api.github.com/users/2025tm93069"
                          },
                          {
                            "k": "user_view_type",
                            "v": "public"
                          }
                        ]
                      }
                    },
                    {
                      "k": "private",
                      "v": false
                    },
                    {
                      "k": "pull_request_creation_policy",
                      "v": "all"
                    },
                    {
                      "k": "pulls_url",
                      "v": "https://api.github.com/repos/2025tm93069/devops-assignment/pulls{/number}"
                    },
                    {
                      "k": "pushed_at",
                      "v": 1791085048.0
                    },
                    {
                      "k": "releases_url",
                      "v": "https://api.github.com/repos/2025tm93069/devops-assignment/releases{/id}"
                    },
                    {
                      "k": "size",
                      "v": 183424.0
                    },
                    {
                      "k": "ssh_url",
                      "v": "git@github.com:2025tm93069/devops-assignment.git"
                    },
                    {
                      "k": "stargazers",
                      "v": 0.0
                    },
                    {
                      "k": "stargazers_count",
                      "v": 0.0
                    },
                    {
                      "k": "stargazers_url",
                      "v": "https://api.github.com/repos/2025tm93069/devops-assignment/stargazers"
                    },
                    {
                      "k": "statuses_url",
                      "v": "https://api.github.com/repos/2025tm93069/devops-assignment/statuses/{sha}"
                    },
                    {
                      "k": "subscribers_url",
                      "v": "https://api.github.com/repos/2025tm93069/devops-assignment/subscribers"
                    },
                    {
                      "k": "subscription_url",
                      "v": "https://api.github.com/repos/2025tm93069/devops-assignment/subscription"
                    },
                    {
                      "k": "svn_url",
                      "v": "https://github.com/2025tm93069/devops-assignment"
                    },
                    {
                      "k": "tags_url",
                      "v": "https://api.github.com/repos/2025tm93069/devops-assignment/tags"
                    },
                    {
                      "k": "teams_url",
                      "v": "https://api.github.com/repos/2025tm93069/devops-assignment/teams"
                    },
                    {
                      "k": "topics",
                      "v": {
                        "t": 1
                      }
                    },
                    {
                      "k": "trees_url",
                      "v": "https://api.github.com/repos/2025tm93069/devops-assignment/git/trees{/sha}"
                    },
                    {
                      "k": "updated_at",
                      "v": "2026-10-04T03:31:44Z"
                    },
                    {
                      "k": "url",
                      "v": "https://api.github.com/repos/2025tm93069/devops-assignment"
                    },
                    {
                      "k": "visibility",
                      "v": "public"
                    },
                    {
                      "k": "watchers",
                      "v": 0.0
                    },
                    {
                      "k": "watchers_count",
                      "v": 0.0
                    },
                    {
                      "k": "web_commit_signoff_required",
                      "v": false
                    }
                  ]
                }
              },
              {
                "k": "sender",
                "v": {
                  "t": 2,
                  "d": [
                    {
                      "k": "avatar_url",
                      "v": "https://avatars.githubusercontent.com/u/326098951?v=4"
                    },
                    {
                      "k": "events_url",
                      "v": "https://api.github.com/users/2025tm93069/events{/privacy}"
                    },
                    {
                      "k": "followers_url",
                      "v": "https://api.github.com/users/2025tm93069/followers"
                    },
                    {
                      "k": "following_url",
                      "v": "https://api.github.com/users/2025tm93069/following{/other_user}"
                    },
                    {
                      "k": "gists_url",
                      "v": "https://api.github.com/users/2025tm93069/gists{/gist_id}"
                    },
                    {
                      "k": "gravatar_id",
                      "v": ""
                    },
                    {
                      "k": "html_url",
                      "v": "https://github.com/2025tm93069"
                    },
                    {
                      "k": "id",
                      "v": 326098951.0
                    },
                    {
                      "k": "login",
                      "v": "2025tm93069"
                    },
                    {
                      "k": "node_id",
                      "v": "U_kgDOE2_gBw"
                    },
                    {
                      "k": "organizations_url",
                      "v": "https://api.github.com/users/2025tm93069/orgs"
                    },
                    {
                      "k": "received_events_url",
                      "v": "https://api.github.com/users/2025tm93069/received_events"
                    },
                    {
                      "k": "repos_url",
                      "v": "https://api.github.com/users/2025tm93069/repos"
                    },
                    {
                      "k": "site_admin",
                      "v": false
                    },
                    {
                      "k": "starred_url",
                      "v": "https://api.github.com/users/2025tm93069/starred{/owner}{/repo}"
                    },
                    {
                      "k": "subscriptions_url",
                      "v": "https://api.github.com/users/2025tm93069/subscriptions"
                    },
                    {
                      "k": "type",
                      "v": "User"
                    },
                    {
                      "k": "url",
                      "v": "https://api.github.com/users/2025tm93069"
                    },
                    {
                      "k": "user_view_type",
                      "v": "public"
                    }
                  ]
                }
              }
            ]
          }
        },
        {
          "k": "workflow_ref",
          "v": "2025tm93069/devops-assignment/.github/workflows/ci-cd.yml@refs/heads/main"
        },
        {
          "k": "workflow_sha",
          "v": "d344c1a6b063abe53e6040b960e70c10a9a774b5"
        },
        {
          "k": "repository_id",
          "v": "1402699407"
        },
        {
          "k": "triggering_actor",
          "v": "2025tm93069"
        }
      ]
    },
    "inputs": {
      "t": 2
    },
    "job": {
      "t": 2,
      "d": [
        {
          "k": "check_run_id",
          "v": 111354504088.0
        },
        {
          "k": "workflow_ref",
          "v": "2025tm93069/devops-assignment/.github/workflows/ci-cd.yml@refs/heads/main"
        },
        {
          "k": "workflow_sha",
          "v": "d344c1a6b063abe53e6040b960e70c10a9a774b5"
        },
        {
          "k": "workflow_repository",
          "v": "2025tm93069/devops-assignment"
        },
        {
          "k": "workflow_file_path",
          "v": ".github/workflows/ci-cd.yml"
        }
      ]
    },
    "matrix": null,
    "needs": {
      "t": 2
    },
    "strategy": {
      "t": 2,
      "d": [
        {
          "k": "fail-fast",
          "v": true
        },
        {
          "k": "job-index",
          "v": 0.0
        },
        {
          "k": "job-total",
          "v": 1.0
        },
        {
          "k": "max-parallel",
          "v": 1.0
        }
      ]
    },
    "vars": {
      "t": 2
    }
  },
  "billingOwnerId": "U_kgDOE2_gBw"
}
[2026-10-04 03:37:44Z INFO JobRunner] Job ID 882adf55-801a-5a1b-863a-2b0008a0fa04
[2026-10-04 03:37:44Z INFO ConfigurationStore] currentAssemblyLocation: C:\Users\***\Desktop\devopsassignment\devops-assignment\actions-runner\bin\Runner.Worker.dll
[2026-10-04 03:37:44Z INFO HostContext] Well known directory 'Bin': 'C:\Users\***\Desktop\devopsassignment\devops-assignment\actions-runner\bin'
[2026-10-04 03:37:44Z INFO ConfigurationStore] binPath: C:\Users\***\Desktop\devopsassignment\devops-assignment\actions-runner\bin
[2026-10-04 03:37:44Z INFO HostContext] Well known directory 'Bin': 'C:\Users\***\Desktop\devopsassignment\devops-assignment\actions-runner\bin'
[2026-10-04 03:37:44Z INFO HostContext] Well known directory 'Root': 'C:\Users\***\Desktop\devopsassignment\devops-assignment\actions-runner'
[2026-10-04 03:37:44Z INFO ConfigurationStore] RootFolder: C:\Users\***\Desktop\devopsassignment\devops-assignment\actions-runner
[2026-10-04 03:37:44Z INFO HostContext] Well known directory 'Bin': 'C:\Users\***\Desktop\devopsassignment\devops-assignment\actions-runner\bin'
[2026-10-04 03:37:44Z INFO HostContext] Well known directory 'Root': 'C:\Users\***\Desktop\devopsassignment\devops-assignment\actions-runner'
[2026-10-04 03:37:44Z INFO HostContext] Well known config file 'Runner': 'C:\Users\***\Desktop\devopsassignment\devops-assignment\actions-runner\.runner'
[2026-10-04 03:37:44Z INFO ConfigurationStore] ConfigFilePath: C:\Users\***\Desktop\devopsassignment\devops-assignment\actions-runner\.runner
[2026-10-04 03:37:44Z INFO HostContext] Well known directory 'Bin': 'C:\Users\***\Desktop\devopsassignment\devops-assignment\actions-runner\bin'
[2026-10-04 03:37:44Z INFO HostContext] Well known directory 'Root': 'C:\Users\***\Desktop\devopsassignment\devops-assignment\actions-runner'
[2026-10-04 03:37:44Z INFO HostContext] Well known config file 'MigratedRunner': 'C:\Users\***\Desktop\devopsassignment\devops-assignment\actions-runner\.runner_migrated'
[2026-10-04 03:37:44Z INFO ConfigurationStore] MigratedConfigFilePath: C:\Users\***\Desktop\devopsassignment\devops-assignment\actions-runner\.runner_migrated
[2026-10-04 03:37:44Z INFO HostContext] Well known directory 'Bin': 'C:\Users\***\Desktop\devopsassignment\devops-assignment\actions-runner\bin'
[2026-10-04 03:37:44Z INFO HostContext] Well known directory 'Root': 'C:\Users\***\Desktop\devopsassignment\devops-assignment\actions-runner'
[2026-10-04 03:37:44Z INFO HostContext] Well known config file 'Credentials': 'C:\Users\***\Desktop\devopsassignment\devops-assignment\actions-runner\.credentials'
[2026-10-04 03:37:44Z INFO ConfigurationStore] CredFilePath: C:\Users\***\Desktop\devopsassignment\devops-assignment\actions-runner\.credentials
[2026-10-04 03:37:44Z INFO HostContext] Well known directory 'Bin': 'C:\Users\***\Desktop\devopsassignment\devops-assignment\actions-runner\bin'
[2026-10-04 03:37:44Z INFO HostContext] Well known directory 'Root': 'C:\Users\***\Desktop\devopsassignment\devops-assignment\actions-runner'
[2026-10-04 03:37:44Z INFO HostContext] Well known config file 'MigratedCredentials': 'C:\Users\***\Desktop\devopsassignment\devops-assignment\actions-runner\.credentials_migrated'
[2026-10-04 03:37:44Z INFO ConfigurationStore] MigratedCredFilePath: C:\Users\***\Desktop\devopsassignment\devops-assignment\actions-runner\.credentials_migrated
[2026-10-04 03:37:44Z INFO HostContext] Well known directory 'Bin': 'C:\Users\***\Desktop\devopsassignment\devops-assignment\actions-runner\bin'
[2026-10-04 03:37:44Z INFO HostContext] Well known directory 'Root': 'C:\Users\***\Desktop\devopsassignment\devops-assignment\actions-runner'
[2026-10-04 03:37:44Z INFO HostContext] Well known config file 'Service': 'C:\Users\***\Desktop\devopsassignment\devops-assignment\actions-runner\.service'
[2026-10-04 03:37:44Z INFO ConfigurationStore] ServiceConfigFilePath: C:\Users\***\Desktop\devopsassignment\devops-assignment\actions-runner\.service
[2026-10-04 03:37:44Z INFO ConfigurationStore] Read setting file: 416 chars
[2026-10-04 03:37:44Z INFO JobRunner] Initializing launch client
[2026-10-04 03:37:44Z INFO JobServerQueue] Initializing results client
[2026-10-04 03:37:44Z INFO ResultServer] Creating websocket client ...wss://results-receiver.actions.githubusercontent.com/_ws/ingest.sock
[2026-10-04 03:37:44Z INFO ResultServer] Attempting to start websocket client with delay 00:00:00.
[2026-10-04 03:37:44Z INFO JobServerQueue] Start process web console line queue.
[2026-10-04 03:37:44Z INFO JobServerQueue] Start process file upload queue.
[2026-10-04 03:37:44Z INFO JobServerQueue] Start results file upload queue.
[2026-10-04 03:37:44Z INFO JobServerQueue] Starting results-based upload queue...
[2026-10-04 03:37:44Z INFO JobServerQueue] Start process timeline update queue.
[2026-10-04 03:37:44Z INFO ExecutionContext] Initializing Job context
[2026-10-04 03:37:44Z INFO ExecutionContext] Initialize GitHub context
[2026-10-04 03:37:44Z INFO ExecutionContext] Initialize Env context
[2026-10-04 03:37:44Z INFO HostContext] Well known directory 'Bin': 'C:\Users\***\Desktop\devopsassignment\devops-assignment\actions-runner\bin'
[2026-10-04 03:37:44Z INFO HostContext] Well known directory 'Root': 'C:\Users\***\Desktop\devopsassignment\devops-assignment\actions-runner'
[2026-10-04 03:37:44Z INFO HostContext] Well known directory 'Diag': 'C:\Users\***\Desktop\devopsassignment\devops-assignment\actions-runner\_diag'
[2026-10-04 03:37:44Z INFO HostContext] Well known directory 'Bin': 'C:\Users\***\Desktop\devopsassignment\devops-assignment\actions-runner\bin'
[2026-10-04 03:37:44Z INFO HostContext] Well known directory 'Root': 'C:\Users\***\Desktop\devopsassignment\devops-assignment\actions-runner'
[2026-10-04 03:37:44Z INFO HostContext] Well known directory 'Diag': 'C:\Users\***\Desktop\devopsassignment\devops-assignment\actions-runner\_diag'
[2026-10-04 03:37:44Z INFO JobRunner] Starting the job execution context.
[2026-10-04 03:37:44Z INFO HostContext] Well known directory 'Bin': 'C:\Users\***\Desktop\devopsassignment\devops-assignment\actions-runner\bin'
[2026-10-04 03:37:44Z INFO HostContext] Well known directory 'Root': 'C:\Users\***\Desktop\devopsassignment\devops-assignment\actions-runner'
[2026-10-04 03:37:44Z INFO HostContext] Well known directory 'Work': 'C:\Users\***\Desktop\devopsassignment\devops-assignment\actions-runner\_work'
[2026-10-04 03:37:44Z INFO JobRunner] Validating directory permissions for: 'C:\Users\***\Desktop\devopsassignment\devops-assignment\actions-runner\_work'
[2026-10-04 03:37:44Z INFO HostContext] Well known directory 'Bin': 'C:\Users\***\Desktop\devopsassignment\devops-assignment\actions-runner\bin'
[2026-10-04 03:37:44Z INFO HostContext] Well known directory 'Root': 'C:\Users\***\Desktop\devopsassignment\devops-assignment\actions-runner'
[2026-10-04 03:37:44Z INFO HostContext] Well known directory 'Work': 'C:\Users\***\Desktop\devopsassignment\devops-assignment\actions-runner\_work'
[2026-10-04 03:37:44Z INFO HostContext] Well known directory 'Tools': 'C:\Users\***\Desktop\devopsassignment\devops-assignment\actions-runner\_work\_tool'
[2026-10-04 03:37:44Z INFO HostContext] Well known directory 'Bin': 'C:\Users\***\Desktop\devopsassignment\devops-assignment\actions-runner\bin'
[2026-10-04 03:37:44Z INFO HostContext] Well known directory 'Root': 'C:\Users\***\Desktop\devopsassignment\devops-assignment\actions-runner'
[2026-10-04 03:37:44Z INFO HostContext] Well known directory 'Work': 'C:\Users\***\Desktop\devopsassignment\devops-assignment\actions-runner\_work'
[2026-10-04 03:37:44Z INFO HostContext] Well known directory 'Temp': 'C:\Users\***\Desktop\devopsassignment\devops-assignment\actions-runner\_work\_temp'
[2026-10-04 03:37:44Z INFO JobRunner] Getting job extension.
[2026-10-04 03:37:44Z INFO JobRunner] Initialize job. Getting all job steps.
[2026-10-04 03:37:44Z INFO HostContext] Well known directory 'Bin': 'C:\Users\***\Desktop\devopsassignment\devops-assignment\actions-runner\bin'
[2026-10-04 03:37:44Z INFO HostContext] Well known directory 'Root': 'C:\Users\***\Desktop\devopsassignment\devops-assignment\actions-runner'
[2026-10-04 03:37:44Z INFO HostContext] Well known directory 'Diag': 'C:\Users\***\Desktop\devopsassignment\devops-assignment\actions-runner\_diag'
[2026-10-04 03:37:44Z INFO HostContext] Well known directory 'Bin': 'C:\Users\***\Desktop\devopsassignment\devops-assignment\actions-runner\bin'
[2026-10-04 03:37:44Z INFO HostContext] Well known directory 'Root': 'C:\Users\***\Desktop\devopsassignment\devops-assignment\actions-runner'
[2026-10-04 03:37:44Z INFO HostContext] Well known directory 'Diag': 'C:\Users\***\Desktop\devopsassignment\devops-assignment\actions-runner\_diag'
[2026-10-04 03:37:44Z INFO HostContext] Well known directory 'Bin': 'C:\Users\***\Desktop\devopsassignment\devops-assignment\actions-runner\bin'
[2026-10-04 03:37:44Z INFO HostContext] Well known directory 'Root': 'C:\Users\***\Desktop\devopsassignment\devops-assignment\actions-runner'
[2026-10-04 03:37:44Z INFO HostContext] Well known config file 'Credentials': 'C:\Users\***\Desktop\devopsassignment\devops-assignment\actions-runner\.credentials'
[2026-10-04 03:37:44Z INFO HostContext] Well known directory 'Bin': 'C:\Users\***\Desktop\devopsassignment\devops-assignment\actions-runner\bin'
[2026-10-04 03:37:44Z INFO HostContext] Well known directory 'Root': 'C:\Users\***\Desktop\devopsassignment\devops-assignment\actions-runner'
[2026-10-04 03:37:44Z INFO HostContext] Well known config file 'SetupInfo': 'C:\Users\***\Desktop\devopsassignment\devops-assignment\actions-runner\.setup_info'
[2026-10-04 03:37:44Z INFO HostContext] Well known directory 'Bin': 'C:\Users\***\Desktop\devopsassignment\devops-assignment\actions-runner\bin'
[2026-10-04 03:37:44Z INFO HostContext] Well known directory 'Root': 'C:\Users\***\Desktop\devopsassignment\devops-assignment\actions-runner'
[2026-10-04 03:37:44Z INFO HostContext] Well known directory 'Work': 'C:\Users\***\Desktop\devopsassignment\devops-assignment\actions-runner\_work'
[2026-10-04 03:37:44Z INFO PipelineDirectoryManager] Loading tracking config if exists: C:\Users\***\Desktop\devopsassignment\devops-assignment\actions-runner\_work\_PipelineMapping\2025tm93069/devops-assignment\PipelineFolder.json
[2026-10-04 03:37:44Z INFO PipelineDirectoryManager] Updating job run properties.
[2026-10-04 03:37:44Z INFO HostContext] Well known directory 'Bin': 'C:\Users\***\Desktop\devopsassignment\devops-assignment\actions-runner\bin'
[2026-10-04 03:37:44Z INFO HostContext] Well known directory 'Root': 'C:\Users\***\Desktop\devopsassignment\devops-assignment\actions-runner'
[2026-10-04 03:37:44Z INFO HostContext] Well known directory 'Work': 'C:\Users\***\Desktop\devopsassignment\devops-assignment\actions-runner\_work'
[2026-10-04 03:37:44Z INFO HostContext] Well known directory 'Bin': 'C:\Users\***\Desktop\devopsassignment\devops-assignment\actions-runner\bin'
[2026-10-04 03:37:44Z INFO HostContext] Well known directory 'Root': 'C:\Users\***\Desktop\devopsassignment\devops-assignment\actions-runner'
[2026-10-04 03:37:44Z INFO HostContext] Well known directory 'Work': 'C:\Users\***\Desktop\devopsassignment\devops-assignment\actions-runner\_work'
[2026-10-04 03:37:44Z INFO HostContext] Well known directory 'Bin': 'C:\Users\***\Desktop\devopsassignment\devops-assignment\actions-runner\bin'
[2026-10-04 03:37:44Z INFO HostContext] Well known directory 'Root': 'C:\Users\***\Desktop\devopsassignment\devops-assignment\actions-runner'
[2026-10-04 03:37:44Z INFO HostContext] Well known directory 'Work': 'C:\Users\***\Desktop\devopsassignment\devops-assignment\actions-runner\_work'
[2026-10-04 03:37:44Z INFO JobExtension] Downloading actions
[2026-10-04 03:37:44Z INFO HostContext] Well known directory 'Bin': 'C:\Users\***\Desktop\devopsassignment\devops-assignment\actions-runner\bin'
[2026-10-04 03:37:44Z INFO HostContext] Well known directory 'Root': 'C:\Users\***\Desktop\devopsassignment\devops-assignment\actions-runner'
[2026-10-04 03:37:44Z INFO HostContext] Well known directory 'Work': 'C:\Users\***\Desktop\devopsassignment\devops-assignment\actions-runner\_work'
[2026-10-04 03:37:44Z INFO HostContext] Well known directory 'Actions': 'C:\Users\***\Desktop\devopsassignment\devops-assignment\actions-runner\_work\_actions'
[2026-10-04 03:37:44Z INFO JobExtension] Adding .
[2026-10-04 03:37:44Z INFO JobExtension] Adding .
[2026-10-04 03:37:44Z INFO HostContext] Well known directory 'Bin': 'C:\Users\***\Desktop\devopsassignment\devops-assignment\actions-runner\bin'
[2026-10-04 03:37:44Z INFO HostContext] Well known directory 'Root': 'C:\Users\***\Desktop\devopsassignment\devops-assignment\actions-runner'
[2026-10-04 03:37:44Z INFO HostContext] Well known directory 'Diag': 'C:\Users\***\Desktop\devopsassignment\devops-assignment\actions-runner\_diag'
[2026-10-04 03:37:44Z INFO HostContext] Well known directory 'Bin': 'C:\Users\***\Desktop\devopsassignment\devops-assignment\actions-runner\bin'
[2026-10-04 03:37:44Z INFO HostContext] Well known directory 'Root': 'C:\Users\***\Desktop\devopsassignment\devops-assignment\actions-runner'
[2026-10-04 03:37:44Z INFO HostContext] Well known directory 'Diag': 'C:\Users\***\Desktop\devopsassignment\devops-assignment\actions-runner\_diag'
[2026-10-04 03:37:44Z INFO HostContext] Well known directory 'Bin': 'C:\Users\***\Desktop\devopsassignment\devops-assignment\actions-runner\bin'
[2026-10-04 03:37:44Z INFO HostContext] Well known directory 'Root': 'C:\Users\***\Desktop\devopsassignment\devops-assignment\actions-runner'
[2026-10-04 03:37:44Z INFO HostContext] Well known directory 'Diag': 'C:\Users\***\Desktop\devopsassignment\devops-assignment\actions-runner\_diag'
[2026-10-04 03:37:44Z INFO HostContext] Well known directory 'Bin': 'C:\Users\***\Desktop\devopsassignment\devops-assignment\actions-runner\bin'
[2026-10-04 03:37:44Z INFO HostContext] Well known directory 'Root': 'C:\Users\***\Desktop\devopsassignment\devops-assignment\actions-runner'
[2026-10-04 03:37:44Z INFO HostContext] Well known directory 'Diag': 'C:\Users\***\Desktop\devopsassignment\devops-assignment\actions-runner\_diag'
[2026-10-04 03:37:44Z INFO JobExtension] Total accessible running process: 319.
[2026-10-04 03:37:44Z INFO HostContext] Well known directory 'Bin': 'C:\Users\***\Desktop\devopsassignment\devops-assignment\actions-runner\bin'
[2026-10-04 03:37:44Z INFO HostContext] Well known directory 'Root': 'C:\Users\***\Desktop\devopsassignment\devops-assignment\actions-runner'
[2026-10-04 03:37:44Z INFO HostContext] Well known directory 'Work': 'C:\Users\***\Desktop\devopsassignment\devops-assignment\actions-runner\_work'
[2026-10-04 03:37:44Z INFO JobExtension] Start checking server connectivity.
[2026-10-04 03:37:44Z INFO JobExtension] Check server connectivity for https://broker.actions.githubusercontent.com/health.
[2026-10-04 03:37:44Z INFO JobExtension] Check server connectivity for https://token.actions.githubusercontent.com/ready.
[2026-10-04 03:37:44Z INFO JobExtension] Check server connectivity for https://run.actions.githubusercontent.com/health.
[2026-10-04 03:37:44Z INFO JobExtension] Start checking service connectivity in background.
[2026-10-04 03:37:44Z INFO ExecutionContext] Publish step telemetry for current step {
  "action": "setup_job",
  "type": "runner",
  "stage": "Pre",
  "stepId": "c7ea40d8-44b3-442c-b114-ee3553db077c",
  "result": "succeeded",
  "errorMessages": [],
  "executionTimeInSeconds": 1,
  "startTime": "2026-10-04T03:37:44.9236347Z",
  "finishTime": "2026-10-04T03:37:44.9885132Z"
}.
[2026-10-04 03:37:44Z INFO JobRunner] Total job steps: 2.
[2026-10-04 03:37:44Z INFO JobRunner] Run all job steps.
[2026-10-04 03:37:44Z INFO DapDebugger] DapDebugger initialized
[2026-10-04 03:37:44Z INFO StepsRunner] Processing step: DisplayName='Verify Jenkins authentication'
[2026-10-04 03:37:45Z INFO StepsRunner] Evaluating: success()
[2026-10-04 03:37:45Z INFO StepsRunner] Result: true
[2026-10-04 03:37:45Z INFO StepsRunner] Starting the step.
[2026-10-04 03:37:45Z INFO HostContext] Well known directory 'Bin': 'C:\Users\***\Desktop\devopsassignment\devops-assignment\actions-runner\bin'
[2026-10-04 03:37:45Z INFO HostContext] Well known directory 'Root': 'C:\Users\***\Desktop\devopsassignment\devops-assignment\actions-runner'
[2026-10-04 03:37:45Z INFO HostContext] Well known directory 'Work': 'C:\Users\***\Desktop\devopsassignment\devops-assignment\actions-runner\_work'
[2026-10-04 03:37:45Z INFO StepsRunner] Which2: 'chcp'
[2026-10-04 03:37:45Z INFO StepsRunner] Location: 'C:\WINDOWS\system32\chcp.COM'
[2026-10-04 03:37:45Z INFO ProcessInvokerWrapper] Starting process:
[2026-10-04 03:37:45Z INFO ProcessInvokerWrapper]   File name: 'C:\WINDOWS\system32\chcp.COM'
[2026-10-04 03:37:45Z INFO ProcessInvokerWrapper]   Arguments: '65001'
[2026-10-04 03:37:45Z INFO ProcessInvokerWrapper]   Working directory: 'C:\Users\***\Desktop\devopsassignment\devops-assignment\actions-runner\_work'
[2026-10-04 03:37:45Z INFO ProcessInvokerWrapper]   Require exit code zero: 'False'
[2026-10-04 03:37:45Z INFO ProcessInvokerWrapper]   Encoding web name:  ; code page: ''
[2026-10-04 03:37:45Z INFO ProcessInvokerWrapper]   Force kill process on cancellation: 'False'
[2026-10-04 03:37:45Z INFO ProcessInvokerWrapper]   Redirected STDIN: 'False'
[2026-10-04 03:37:45Z INFO ProcessInvokerWrapper]   Persist current code page: 'True'
[2026-10-04 03:37:45Z INFO ProcessInvokerWrapper]   Keep redirected STDIN open: 'False'
[2026-10-04 03:37:45Z INFO ProcessInvokerWrapper]   High priority process: 'False'
[2026-10-04 03:37:45Z INFO ProcessInvokerWrapper] Process started with process id 6480, waiting for process exit.
[2026-10-04 03:37:45Z INFO Worker] Listening for cancel message from the channel.
[2026-10-04 03:37:45Z INFO Worker] Waiting for the job to complete or for a cancel message from the channel.
[2026-10-04 03:37:45Z INFO ProcessInvokerWrapper] STDOUT/STDERR stream read finished.
[2026-10-04 03:37:45Z INFO ProcessInvokerWrapper] STDOUT/STDERR stream read finished.
[2026-10-04 03:37:45Z INFO ProcessInvokerWrapper] Finished process 6480 with exit code 0, and elapsed time 00:00:00.0119818.
[2026-10-04 03:37:45Z INFO StepsRunner] Successfully returned to code page 65001 (UTF8)
[2026-10-04 03:37:45Z INFO HostContext] Well known directory 'Bin': 'C:\Users\***\Desktop\devopsassignment\devops-assignment\actions-runner\bin'
[2026-10-04 03:37:45Z INFO HostContext] Well known directory 'Root': 'C:\Users\***\Desktop\devopsassignment\devops-assignment\actions-runner'
[2026-10-04 03:37:45Z INFO HostContext] Well known directory 'Work': 'C:\Users\***\Desktop\devopsassignment\devops-assignment\actions-runner\_work'
[2026-10-04 03:37:45Z INFO HostContext] Well known directory 'Temp': 'C:\Users\***\Desktop\devopsassignment\devops-assignment\actions-runner\_work\_temp'
[2026-10-04 03:37:45Z INFO ExecutionContext] Write event payload to C:\Users\***\Desktop\devopsassignment\devops-assignment\actions-runner\_work\_temp\_github_workflow\event.json
[2026-10-04 03:37:45Z INFO HostContext] Well known directory 'Bin': 'C:\Users\***\Desktop\devopsassignment\devops-assignment\actions-runner\bin'
[2026-10-04 03:37:45Z INFO HostContext] Well known directory 'Root': 'C:\Users\***\Desktop\devopsassignment\devops-assignment\actions-runner'
[2026-10-04 03:37:45Z INFO HostContext] Well known directory 'Work': 'C:\Users\***\Desktop\devopsassignment\devops-assignment\actions-runner\_work'
[2026-10-04 03:37:45Z INFO HostContext] Well known directory 'Temp': 'C:\Users\***\Desktop\devopsassignment\devops-assignment\actions-runner\_work\_temp'
[2026-10-04 03:37:45Z INFO ExtensionManager] Getting extensions for interface: 'GitHub.Runner.Worker.IFileCommandExtension'
[2026-10-04 03:37:45Z INFO ExtensionManager] Creating instance: GitHub.Runner.Worker.AddPathFileCommand, Runner.Worker
[2026-10-04 03:37:45Z INFO ExtensionManager] Creating instance: GitHub.Runner.Worker.SetEnvFileCommand, Runner.Worker
[2026-10-04 03:37:45Z INFO ExtensionManager] Creating instance: GitHub.Runner.Worker.CreateStepSummaryCommand, Runner.Worker
[2026-10-04 03:37:45Z INFO ExtensionManager] Creating instance: GitHub.Runner.Worker.SaveStateFileCommand, Runner.Worker
[2026-10-04 03:37:45Z INFO ExtensionManager] Creating instance: GitHub.Runner.Worker.SetOutputFileCommand, Runner.Worker
[2026-10-04 03:37:45Z INFO ExtensionManager] Creating instance: GitHub.Runner.Worker.CreateArtifactsFileCommand, Runner.Worker
[2026-10-04 03:37:45Z INFO ExtensionManager] Creating instance: GitHub.Runner.Worker.ArtifactsListFileCommand, Runner.Worker
[2026-10-04 03:37:45Z INFO ExtensionManager] Getting extensions for interface: 'GitHub.Runner.Worker.IActionCommandExtension'
[2026-10-04 03:37:45Z INFO ExtensionManager] Creating instance: GitHub.Runner.Worker.InternalPluginSetRepoPathCommandExtension, Runner.Worker
[2026-10-04 03:37:45Z INFO ExtensionManager] Creating instance: GitHub.Runner.Worker.SetEnvCommandExtension, Runner.Worker
[2026-10-04 03:37:45Z INFO ExtensionManager] Creating instance: GitHub.Runner.Worker.SetOutputCommandExtension, Runner.Worker
[2026-10-04 03:37:45Z INFO ExtensionManager] Creating instance: GitHub.Runner.Worker.SaveStateCommandExtension, Runner.Worker
[2026-10-04 03:37:45Z INFO ExtensionManager] Creating instance: GitHub.Runner.Worker.AddPathCommandExtension, Runner.Worker
[2026-10-04 03:37:45Z INFO ExtensionManager] Creating instance: GitHub.Runner.Worker.AddMaskCommandExtension, Runner.Worker
[2026-10-04 03:37:45Z INFO ExtensionManager] Creating instance: GitHub.Runner.Worker.AddMatcherCommandExtension, Runner.Worker
[2026-10-04 03:37:45Z INFO ExtensionManager] Creating instance: GitHub.Runner.Worker.RemoveMatcherCommandExtension, Runner.Worker
[2026-10-04 03:37:45Z INFO ExtensionManager] Creating instance: GitHub.Runner.Worker.WarningCommandExtension, Runner.Worker
[2026-10-04 03:37:45Z INFO ExtensionManager] Creating instance: GitHub.Runner.Worker.ErrorCommandExtension, Runner.Worker
[2026-10-04 03:37:45Z INFO ExtensionManager] Creating instance: GitHub.Runner.Worker.NoticeCommandExtension, Runner.Worker
[2026-10-04 03:37:45Z INFO ExtensionManager] Creating instance: GitHub.Runner.Worker.DebugCommandExtension, Runner.Worker
[2026-10-04 03:37:45Z INFO ExtensionManager] Creating instance: GitHub.Runner.Worker.GroupCommandExtension, Runner.Worker
[2026-10-04 03:37:45Z INFO ExtensionManager] Creating instance: GitHub.Runner.Worker.EndGroupCommandExtension, Runner.Worker
[2026-10-04 03:37:45Z INFO ExtensionManager] Creating instance: GitHub.Runner.Worker.EchoCommandExtension, Runner.Worker
[2026-10-04 03:37:45Z INFO ActionCommandManager] Register action command extension for command internal-set-repo-path
[2026-10-04 03:37:45Z INFO ActionCommandManager] Register action command extension for command set-env
[2026-10-04 03:37:45Z INFO ActionCommandManager] Register action command extension for command set-output
[2026-10-04 03:37:45Z INFO ActionCommandManager] Register action command extension for command save-state
[2026-10-04 03:37:45Z INFO ActionCommandManager] Register action command extension for command add-path
[2026-10-04 03:37:45Z INFO ActionCommandManager] Register action command extension for command add-mask
[2026-10-04 03:37:45Z INFO ActionCommandManager] Register action command extension for command add-matcher
[2026-10-04 03:37:45Z INFO ActionCommandManager] Register action command extension for command remove-matcher
[2026-10-04 03:37:45Z INFO ActionCommandManager] Register action command extension for command warning
[2026-10-04 03:37:45Z INFO ActionCommandManager] Register action command extension for command error
[2026-10-04 03:37:45Z INFO ActionCommandManager] Register action command extension for command notice
[2026-10-04 03:37:45Z INFO ActionCommandManager] Register action command extension for command debug
[2026-10-04 03:37:45Z INFO ActionCommandManager] Register action command extension for command group
[2026-10-04 03:37:45Z INFO ActionCommandManager] Register action command extension for command endgroup
[2026-10-04 03:37:45Z INFO ActionCommandManager] Register action command extension for command echo
[2026-10-04 03:37:45Z INFO ScriptHandler] Which2: 'powershell'
[2026-10-04 03:37:45Z INFO ScriptHandler] Location: 'C:\WINDOWS\System32\WindowsPowerShell\v1.0\powershell.EXE'
[2026-10-04 03:37:45Z INFO HostContext] Well known directory 'Bin': 'C:\Users\***\Desktop\devopsassignment\devops-assignment\actions-runner\bin'
[2026-10-04 03:37:45Z INFO HostContext] Well known directory 'Root': 'C:\Users\***\Desktop\devopsassignment\devops-assignment\actions-runner'
[2026-10-04 03:37:45Z INFO HostContext] Well known directory 'Work': 'C:\Users\***\Desktop\devopsassignment\devops-assignment\actions-runner\_work'
[2026-10-04 03:37:45Z INFO HostContext] Well known directory 'Temp': 'C:\Users\***\Desktop\devopsassignment\devops-assignment\actions-runner\_work\_temp'
[2026-10-04 03:37:45Z INFO ScriptHandler] Which2: 'powershell'
[2026-10-04 03:37:45Z INFO ScriptHandler] Location: 'C:\WINDOWS\System32\WindowsPowerShell\v1.0\powershell.EXE'
[2026-10-04 03:37:45Z INFO ProcessInvokerWrapper] Starting process:
[2026-10-04 03:37:45Z INFO ProcessInvokerWrapper]   File name: 'C:\WINDOWS\System32\WindowsPowerShell\v1.0\powershell.EXE'
[2026-10-04 03:37:45Z INFO ProcessInvokerWrapper]   Arguments: '-command ". 'C:\Users\***\Desktop\devopsassignment\devops-assignment\actions-runner\_work\_temp\f2a9fecf-e6cc-4537-957f-a3412a752e67.ps1'"'
[2026-10-04 03:37:45Z INFO ProcessInvokerWrapper]   Working directory: 'C:\Users\***\Desktop\devopsassignment\devops-assignment\actions-runner\_work\devops-assignment\devops-assignment'
[2026-10-04 03:37:45Z INFO ProcessInvokerWrapper]   Require exit code zero: 'False'
[2026-10-04 03:37:45Z INFO ProcessInvokerWrapper]   Encoding web name:  ; code page: ''
[2026-10-04 03:37:45Z INFO ProcessInvokerWrapper]   Force kill process on cancellation: 'False'
[2026-10-04 03:37:45Z INFO ProcessInvokerWrapper]   Redirected STDIN: 'False'
[2026-10-04 03:37:45Z INFO ProcessInvokerWrapper]   Persist current code page: 'True'
[2026-10-04 03:37:45Z INFO ProcessInvokerWrapper]   Keep redirected STDIN open: 'False'
[2026-10-04 03:37:45Z INFO ProcessInvokerWrapper]   High priority process: 'False'
[2026-10-04 03:37:45Z INFO ProcessInvokerWrapper] Process started with process id 28700, waiting for process exit.
[2026-10-04 03:37:45Z INFO ProcessInvokerWrapper] STDOUT/STDERR stream read finished.
[2026-10-04 03:37:45Z INFO ProcessInvokerWrapper] STDOUT/STDERR stream read finished.
[2026-10-04 03:37:45Z INFO ProcessInvokerWrapper] Finished process 28700 with exit code 0, and elapsed time 00:00:00.3825862.
[2026-10-04 03:37:45Z INFO CreateStepSummaryCommand] Step Summary file (C:\Users\***\Desktop\devopsassignment\devops-assignment\actions-runner\_work\_temp\_runner_file_commands\step_summary_d3cc70df-96d2-4c35-8a8d-498ef9a70e79) is empty; skipping attachment upload
[2026-10-04 03:37:45Z INFO StepsRunner] Step result: 
[2026-10-04 03:37:45Z INFO ExecutionContext] Publish step telemetry for current step {
  "action": "powershell",
  "type": "run",
  "stage": "Main",
  "stepId": "14da6c69-57e2-4fd9-9284-9144a65190a0",
  "stepContextName": "__run",
  "result": "succeeded",
  "errorMessages": [],
  "executionTimeInSeconds": 1,
  "startTime": "2026-10-04T03:37:44.9994003Z",
  "finishTime": "2026-10-04T03:37:45.4607563Z"
}.
[2026-10-04 03:37:45Z INFO StepsRunner] No need for updating job result with current step result 'Succeeded'.
[2026-10-04 03:37:45Z INFO StepsRunner] Current state: job state = ''
[2026-10-04 03:37:45Z INFO StepsRunner] Processing step: DisplayName='Trigger Jenkins Pipeline'
[2026-10-04 03:37:45Z INFO StepsRunner] Evaluating: success()
[2026-10-04 03:37:45Z INFO StepsRunner] Result: true
[2026-10-04 03:37:45Z INFO StepsRunner] Starting the step.
[2026-10-04 03:37:45Z INFO HostContext] Well known directory 'Bin': 'C:\Users\***\Desktop\devopsassignment\devops-assignment\actions-runner\bin'
[2026-10-04 03:37:45Z INFO HostContext] Well known directory 'Root': 'C:\Users\***\Desktop\devopsassignment\devops-assignment\actions-runner'
[2026-10-04 03:37:45Z INFO HostContext] Well known directory 'Work': 'C:\Users\***\Desktop\devopsassignment\devops-assignment\actions-runner\_work'
[2026-10-04 03:37:45Z INFO StepsRunner] Which2: 'chcp'
[2026-10-04 03:37:45Z INFO StepsRunner] Location: 'C:\WINDOWS\system32\chcp.COM'
[2026-10-04 03:37:45Z INFO ProcessInvokerWrapper] Starting process:
[2026-10-04 03:37:45Z INFO ProcessInvokerWrapper]   File name: 'C:\WINDOWS\system32\chcp.COM'
[2026-10-04 03:37:45Z INFO ProcessInvokerWrapper]   Arguments: '65001'
[2026-10-04 03:37:45Z INFO ProcessInvokerWrapper]   Working directory: 'C:\Users\***\Desktop\devopsassignment\devops-assignment\actions-runner\_work'
[2026-10-04 03:37:45Z INFO ProcessInvokerWrapper]   Require exit code zero: 'False'
[2026-10-04 03:37:45Z INFO ProcessInvokerWrapper]   Encoding web name:  ; code page: ''
[2026-10-04 03:37:45Z INFO ProcessInvokerWrapper]   Force kill process on cancellation: 'False'
[2026-10-04 03:37:45Z INFO ProcessInvokerWrapper]   Redirected STDIN: 'False'
[2026-10-04 03:37:45Z INFO ProcessInvokerWrapper]   Persist current code page: 'True'
[2026-10-04 03:37:45Z INFO ProcessInvokerWrapper]   Keep redirected STDIN open: 'False'
[2026-10-04 03:37:45Z INFO ProcessInvokerWrapper]   High priority process: 'False'
[2026-10-04 03:37:45Z INFO ProcessInvokerWrapper] Process started with process id 27900, waiting for process exit.
[2026-10-04 03:37:45Z INFO ProcessInvokerWrapper] STDOUT/STDERR stream read finished.
[2026-10-04 03:37:45Z INFO ProcessInvokerWrapper] STDOUT/STDERR stream read finished.
[2026-10-04 03:37:45Z INFO ProcessInvokerWrapper] Finished process 27900 with exit code 0, and elapsed time 00:00:00.0079059.
[2026-10-04 03:37:45Z INFO StepsRunner] Successfully returned to code page 65001 (UTF8)
[2026-10-04 03:37:45Z INFO HostContext] Well known directory 'Bin': 'C:\Users\***\Desktop\devopsassignment\devops-assignment\actions-runner\bin'
[2026-10-04 03:37:45Z INFO HostContext] Well known directory 'Root': 'C:\Users\***\Desktop\devopsassignment\devops-assignment\actions-runner'
[2026-10-04 03:37:45Z INFO HostContext] Well known directory 'Work': 'C:\Users\***\Desktop\devopsassignment\devops-assignment\actions-runner\_work'
[2026-10-04 03:37:45Z INFO HostContext] Well known directory 'Temp': 'C:\Users\***\Desktop\devopsassignment\devops-assignment\actions-runner\_work\_temp'
[2026-10-04 03:37:45Z INFO ExecutionContext] Write event payload to C:\Users\***\Desktop\devopsassignment\devops-assignment\actions-runner\_work\_temp\_github_workflow\event.json
[2026-10-04 03:37:45Z INFO HostContext] Well known directory 'Bin': 'C:\Users\***\Desktop\devopsassignment\devops-assignment\actions-runner\bin'
[2026-10-04 03:37:45Z INFO HostContext] Well known directory 'Root': 'C:\Users\***\Desktop\devopsassignment\devops-assignment\actions-runner'
[2026-10-04 03:37:45Z INFO HostContext] Well known directory 'Work': 'C:\Users\***\Desktop\devopsassignment\devops-assignment\actions-runner\_work'
[2026-10-04 03:37:45Z INFO HostContext] Well known directory 'Temp': 'C:\Users\***\Desktop\devopsassignment\devops-assignment\actions-runner\_work\_temp'
[2026-10-04 03:37:45Z INFO ExtensionManager] Getting extensions for interface: 'GitHub.Runner.Worker.IFileCommandExtension'
[2026-10-04 03:37:45Z INFO ExtensionManager] Getting extensions for interface: 'GitHub.Runner.Worker.IActionCommandExtension'
[2026-10-04 03:37:45Z INFO ActionCommandManager] Register action command extension for command internal-set-repo-path
[2026-10-04 03:37:45Z INFO ActionCommandManager] Register action command extension for command set-env
[2026-10-04 03:37:45Z INFO ActionCommandManager] Register action command extension for command set-output
[2026-10-04 03:37:45Z INFO ActionCommandManager] Register action command extension for command save-state
[2026-10-04 03:37:45Z INFO ActionCommandManager] Register action command extension for command add-path
[2026-10-04 03:37:45Z INFO ActionCommandManager] Register action command extension for command add-mask
[2026-10-04 03:37:45Z INFO ActionCommandManager] Register action command extension for command add-matcher
[2026-10-04 03:37:45Z INFO ActionCommandManager] Register action command extension for command remove-matcher
[2026-10-04 03:37:45Z INFO ActionCommandManager] Register action command extension for command warning
[2026-10-04 03:37:45Z INFO ActionCommandManager] Register action command extension for command error
[2026-10-04 03:37:45Z INFO ActionCommandManager] Register action command extension for command notice
[2026-10-04 03:37:45Z INFO ActionCommandManager] Register action command extension for command debug
[2026-10-04 03:37:45Z INFO ActionCommandManager] Register action command extension for command group
[2026-10-04 03:37:45Z INFO ActionCommandManager] Register action command extension for command endgroup
[2026-10-04 03:37:45Z INFO ActionCommandManager] Register action command extension for command echo
[2026-10-04 03:37:45Z INFO ScriptHandler] Which2: 'powershell'
[2026-10-04 03:37:45Z INFO ScriptHandler] Location: 'C:\WINDOWS\System32\WindowsPowerShell\v1.0\powershell.EXE'
[2026-10-04 03:37:45Z INFO HostContext] Well known directory 'Bin': 'C:\Users\***\Desktop\devopsassignment\devops-assignment\actions-runner\bin'
[2026-10-04 03:37:45Z INFO HostContext] Well known directory 'Root': 'C:\Users\***\Desktop\devopsassignment\devops-assignment\actions-runner'
[2026-10-04 03:37:45Z INFO HostContext] Well known directory 'Work': 'C:\Users\***\Desktop\devopsassignment\devops-assignment\actions-runner\_work'
[2026-10-04 03:37:45Z INFO HostContext] Well known directory 'Temp': 'C:\Users\***\Desktop\devopsassignment\devops-assignment\actions-runner\_work\_temp'
[2026-10-04 03:37:45Z INFO ScriptHandler] Which2: 'powershell'
[2026-10-04 03:37:45Z INFO ScriptHandler] Location: 'C:\WINDOWS\System32\WindowsPowerShell\v1.0\powershell.EXE'
[2026-10-04 03:37:45Z INFO ProcessInvokerWrapper] Starting process:
[2026-10-04 03:37:45Z INFO ProcessInvokerWrapper]   File name: 'C:\WINDOWS\System32\WindowsPowerShell\v1.0\powershell.EXE'
[2026-10-04 03:37:45Z INFO ProcessInvokerWrapper]   Arguments: '-command ". 'C:\Users\***\Desktop\devopsassignment\devops-assignment\actions-runner\_work\_temp\505bcdcd-ba67-466b-ac1d-c78f593d0b00.ps1'"'
[2026-10-04 03:37:45Z INFO ProcessInvokerWrapper]   Working directory: 'C:\Users\***\Desktop\devopsassignment\devops-assignment\actions-runner\_work\devops-assignment\devops-assignment'
[2026-10-04 03:37:45Z INFO ProcessInvokerWrapper]   Require exit code zero: 'False'
[2026-10-04 03:37:45Z INFO ProcessInvokerWrapper]   Encoding web name:  ; code page: ''
[2026-10-04 03:37:45Z INFO ProcessInvokerWrapper]   Force kill process on cancellation: 'False'
[2026-10-04 03:37:45Z INFO ProcessInvokerWrapper]   Redirected STDIN: 'False'
[2026-10-04 03:37:45Z INFO ProcessInvokerWrapper]   Persist current code page: 'True'
[2026-10-04 03:37:45Z INFO ProcessInvokerWrapper]   Keep redirected STDIN open: 'False'
[2026-10-04 03:37:45Z INFO ProcessInvokerWrapper]   High priority process: 'False'
[2026-10-04 03:37:45Z INFO ProcessInvokerWrapper] Process started with process id 13484, waiting for process exit.
[2026-10-04 03:37:45Z INFO ResultServer] Successfully started websocket client.
[2026-10-04 03:37:45Z INFO JobServerQueue] Try to append 1 batches web console lines for record 'c7ea40d8-44b3-442c-b114-ee3553db077c', success rate: 1/1.
[2026-10-04 03:37:45Z INFO JobServerQueue] Try to append 1 batches web console lines for record '14da6c69-57e2-4fd9-9284-9144a65190a0', success rate: 1/1.
[2026-10-04 03:37:45Z INFO ProcessInvokerWrapper] STDOUT/STDERR stream read finished.
[2026-10-04 03:37:45Z INFO ProcessInvokerWrapper] STDOUT/STDERR stream read finished.
[2026-10-04 03:37:45Z INFO ProcessInvokerWrapper] Finished process 13484 with exit code 0, and elapsed time 00:00:00.3794824.
[2026-10-04 03:37:45Z INFO CreateStepSummaryCommand] Step Summary file (C:\Users\***\Desktop\devopsassignment\devops-assignment\actions-runner\_work\_temp\_runner_file_commands\step_summary_5b1e252e-9710-4ca8-973b-299133858fab) is empty; skipping attachment upload
[2026-10-04 03:37:45Z INFO StepsRunner] Step result: 
[2026-10-04 03:37:45Z INFO ExecutionContext] Publish step telemetry for current step {
  "action": "powershell",
  "type": "run",
  "stage": "Main",
  "stepId": "8f4f4223-b33b-4d7f-9f6c-77c054431b89",
  "stepContextName": "__run_2",
  "result": "succeeded",
  "errorMessages": [],
  "executionTimeInSeconds": 1,
  "startTime": "2026-10-04T03:37:45.4623037Z",
  "finishTime": "2026-10-04T03:37:45.8760325Z"
}.
[2026-10-04 03:37:45Z INFO StepsRunner] No need for updating job result with current step result 'Succeeded'.
[2026-10-04 03:37:45Z INFO StepsRunner] Current state: job state = ''
[2026-10-04 03:37:45Z INFO JobRunner] Finalize job.
[2026-10-04 03:37:45Z INFO HostContext] Well known directory 'Bin': 'C:\Users\***\Desktop\devopsassignment\devops-assignment\actions-runner\bin'
[2026-10-04 03:37:45Z INFO HostContext] Well known directory 'Root': 'C:\Users\***\Desktop\devopsassignment\devops-assignment\actions-runner'
[2026-10-04 03:37:45Z INFO HostContext] Well known directory 'Diag': 'C:\Users\***\Desktop\devopsassignment\devops-assignment\actions-runner\_diag'
[2026-10-04 03:37:45Z INFO HostContext] Well known directory 'Bin': 'C:\Users\***\Desktop\devopsassignment\devops-assignment\actions-runner\bin'
[2026-10-04 03:37:45Z INFO HostContext] Well known directory 'Root': 'C:\Users\***\Desktop\devopsassignment\devops-assignment\actions-runner'
[2026-10-04 03:37:45Z INFO HostContext] Well known directory 'Diag': 'C:\Users\***\Desktop\devopsassignment\devops-assignment\actions-runner\_diag'
[2026-10-04 03:37:45Z INFO JobExtension] Initialize Env context
[2026-10-04 03:37:45Z INFO JobExtension] Initialize steps context
[2026-10-04 03:37:45Z INFO JobExtension] Total accessible running process: 319.
[2026-10-04 03:37:45Z INFO JobExtension] Wait for all connectivity checks to finish.
[2026-10-04 03:37:45Z INFO JobServerQueue] Got a step log file to send to results service.
[2026-10-04 03:37:45Z INFO JobServerQueue] Starting upload of step log file to results service ResultsLog, C:\Users\***\Desktop\devopsassignment\devops-assignment\actions-runner\_diag\blocks\3849da48-eee1-8caf-be67-720c8493c5fc_c7ea40d8-44b3-442c-b114-ee3553db077c.1
[2026-10-04 03:37:45Z INFO JobServerQueue] Try to upload 3 log files or attachments, success rate: 3/3.
[2026-10-04 03:37:45Z INFO JobExtension] Connectivity check result: {
  "endpointUrl": "https://broker.actions.githubusercontent.com/health",
  "endpointIPs": null,
  "startTime": "2026-10-04T03:37:44.980045Z",
  "statusCode": "http_OK",
  "requestId": "C609:DDA95:82E16D:89EC57:6AC1CA09",
  "httpRequestDurationInMs": 650,
  "dnsResolutionDurationInMs": 0,
  "dnsError": null
}
[2026-10-04 03:37:45Z INFO JobExtension] Connectivity check result: {
  "endpointUrl": "https://token.actions.githubusercontent.com/ready",
  "endpointIPs": null,
  "startTime": "2026-10-04T03:37:44.9859051Z",
  "statusCode": "http_NoContent",
  "requestId": "C600:194502:879EB8:A93CEB:6AC1CA09",
  "httpRequestDurationInMs": 716,
  "dnsResolutionDurationInMs": 0,
  "dnsError": null
}
[2026-10-04 03:37:45Z INFO JobExtension] Connectivity check result: {
  "endpointUrl": "https://run.actions.githubusercontent.com/health",
  "endpointIPs": null,
  "startTime": "2026-10-04T03:37:44.9861462Z",
  "statusCode": "http_OK",
  "requestId": "C60B:1FEA46:8AA4D4:91AEBA:6AC1CA09",
  "httpRequestDurationInMs": 643,
  "dnsResolutionDurationInMs": 0,
  "dnsError": null
}
[2026-10-04 03:37:45Z INFO ExecutionContext] Publish step telemetry for current step {
  "action": "complete_job",
  "type": "runner",
  "stage": "Post",
  "stepId": "6c8e51d4-1297-485d-9316-0fc9f5eb3267",
  "result": "succeeded",
  "errorMessages": [],
  "executionTimeInSeconds": 1,
  "startTime": "2026-10-04T03:37:45.8848342Z",
  "finishTime": "2026-10-04T03:37:45.9005751Z"
}.
[2026-10-04 03:37:45Z INFO JobRunner] Job result after all job steps finish: Succeeded
[2026-10-04 03:37:45Z INFO JobRunner] Completing the job execution context.
[2026-10-04 03:37:45Z INFO JobRunner] Shutting down the job server queue.
[2026-10-04 03:37:45Z INFO JobServerQueue] Fire signal to shutdown all queues.
[2026-10-04 03:37:46Z INFO JobServerQueue] Job timeline record has been updated for the first time.
[2026-10-04 03:37:47Z INFO JobServerQueue] Got a step log file to send to results service.
[2026-10-04 03:37:47Z INFO JobServerQueue] Starting upload of step log file to results service ResultsLog, C:\Users\***\Desktop\devopsassignment\devops-assignment\actions-runner\_diag\blocks\3849da48-eee1-8caf-be67-720c8493c5fc_14da6c69-57e2-4fd9-9284-9144a65190a0.1
[2026-10-04 03:37:48Z INFO JobServerQueue] Got a step log file to send to results service.
[2026-10-04 03:37:48Z INFO JobServerQueue] Starting upload of step log file to results service ResultsLog, C:\Users\***\Desktop\devopsassignment\devops-assignment\actions-runner\_diag\blocks\3849da48-eee1-8caf-be67-720c8493c5fc_8f4f4223-b33b-4d7f-9f6c-77c054431b89.1
[2026-10-04 03:37:49Z INFO JobServerQueue] Tried to upload 3 file(s) to results, success rate: 3/3.
[2026-10-04 03:37:50Z INFO JobServerQueue] All queue process task stopped.
[2026-10-04 03:37:50Z INFO JobServerQueue] Try to append 1 batches web console lines for record '14da6c69-57e2-4fd9-9284-9144a65190a0', success rate: 1/1.
[2026-10-04 03:37:50Z INFO JobServerQueue] Try to append 1 batches web console lines for record '8f4f4223-b33b-4d7f-9f6c-77c054431b89', success rate: 1/1.
[2026-10-04 03:37:50Z INFO JobServerQueue] Try to append 1 batches web console lines for record '6c8e51d4-1297-485d-9316-0fc9f5eb3267', success rate: 1/1.
[2026-10-04 03:37:50Z INFO JobServerQueue] Web console line queue drained.
[2026-10-04 03:37:50Z INFO JobServerQueue] Uploading 2 files in one shot.
[2026-10-04 03:37:50Z INFO JobServerQueue] Try to upload 2 log files or attachments, success rate: 2/2.
[2026-10-04 03:37:50Z INFO JobServerQueue] File upload queue drained.
[2026-10-04 03:37:50Z INFO JobServerQueue] Starting results-based upload queue...
[2026-10-04 03:37:50Z INFO JobServerQueue] Uploading 2 file(s) in one shot through results service.
[2026-10-04 03:37:50Z INFO JobServerQueue] Got a step log file to send to results service.
[2026-10-04 03:37:50Z INFO JobServerQueue] Starting upload of step log file to results service ResultsLog, C:\Users\***\Desktop\devopsassignment\devops-assignment\actions-runner\_diag\blocks\3849da48-eee1-8caf-be67-720c8493c5fc_6c8e51d4-1297-485d-9316-0fc9f5eb3267.1
[2026-10-04 03:37:51Z INFO JobServerQueue] Got a job log file to send to results service.
[2026-10-04 03:37:51Z INFO JobServerQueue] Starting upload of job log file to results service ResultsLog, C:\Users\***\Desktop\devopsassignment\devops-assignment\actions-runner\_diag\blocks\3849da48-eee1-8caf-be67-720c8493c5fc_882adf55-801a-5a1b-863a-2b0008a0fa04.1
[2026-10-04 03:37:52Z INFO JobServerQueue] Tried to upload 2 file(s) to results, success rate: 2/2.
[2026-10-04 03:37:52Z INFO JobServerQueue] Results upload queue drained.
[2026-10-04 03:37:52Z INFO JobServerQueue] Timeline update queue drained.
[2026-10-04 03:37:52Z INFO JobServerQueue] Disposing job server ...
[2026-10-04 03:37:52Z INFO JobServerQueue] Disposing results server ...
[2026-10-04 03:37:52Z INFO JobServerQueue] All queue process tasks have been stopped, and all queues are drained.
[2026-10-04 03:37:52Z INFO TempDirectoryManager] Cleaning runner temp folder: C:\Users\***\Desktop\devopsassignment\devops-assignment\actions-runner\_work\_temp
[2026-10-04 03:37:52Z INFO HostContext] Well known directory 'Bin': 'C:\Users\***\Desktop\devopsassignment\devops-assignment\actions-runner\bin'
[2026-10-04 03:37:52Z INFO HostContext] Well known directory 'Root': 'C:\Users\***\Desktop\devopsassignment\devops-assignment\actions-runner'
[2026-10-04 03:37:52Z INFO HostContext] Well known directory 'Diag': 'C:\Users\***\Desktop\devopsassignment\devops-assignment\actions-runner\_diag'
[2026-10-04 03:37:52Z INFO HostContext] Well known config file 'Telemetry': 'C:\Users\***\Desktop\devopsassignment\devops-assignment\actions-runner\_diag\.telemetry'
[2026-10-04 03:37:52Z INFO JobRunner] Raising job completed against run service
[2026-10-04 03:37:53Z INFO Worker] Job completed.
